../my_drivers/LVGL/examples/porting/lv_port_indev_template.c:72:6:lv_port_indev_init	8	static
../my_drivers/LVGL/examples/porting/lv_port_indev_template.c:185:13:touchpad_init	4	static
../my_drivers/LVGL/examples/porting/lv_port_indev_template.c:191:13:touchpad_read	16	static
../my_drivers/LVGL/examples/porting/lv_port_indev_template.c:211:13:touchpad_is_pressed	4	static
../my_drivers/LVGL/examples/porting/lv_port_indev_template.c:225:13:touchpad_get_xy	16	static
../my_drivers/LVGL/examples/porting/lv_port_indev_template.c:238:13:mouse_init	4	static
../my_drivers/LVGL/examples/porting/lv_port_indev_template.c:244:13:mouse_read	16	static
../my_drivers/LVGL/examples/porting/lv_port_indev_template.c:259:13:mouse_is_pressed	4	static
../my_drivers/LVGL/examples/porting/lv_port_indev_template.c:267:13:mouse_get_xy	16	static
../my_drivers/LVGL/examples/porting/lv_port_indev_template.c:280:13:keypad_init	4	static
../my_drivers/LVGL/examples/porting/lv_port_indev_template.c:286:13:keypad_read	24	static
../my_drivers/LVGL/examples/porting/lv_port_indev_template.c:327:17:keypad_get_key	4	static
../my_drivers/LVGL/examples/porting/lv_port_indev_template.c:339:13:encoder_init	4	static
../my_drivers/LVGL/examples/porting/lv_port_indev_template.c:345:13:encoder_read	16	static
../my_drivers/LVGL/examples/porting/lv_port_indev_template.c:353:13:encoder_handler	4	static
../my_drivers/LVGL/examples/porting/lv_port_indev_template.c:366:13:button_init	4	static
../my_drivers/LVGL/examples/porting/lv_port_indev_template.c:372:13:button_read	24	static
../my_drivers/LVGL/examples/porting/lv_port_indev_template.c:393:15:button_get_pressed_id	16	static
../my_drivers/LVGL/examples/porting/lv_port_indev_template.c:410:13:button_is_pressed	16	static
