../Drivers/CMSIS/Include/core_cm7.h:2156:34:__NVIC_SystemReset	4	static,ignoring_inline_asm
/home/ouo/li_lvgl/lv_motor/feetech_servo_h750/my_drivers/LVGL/src/../src/lv_api_map.h:35:51:lv_task_handler	8	static
../Core/Src/main.c:37:13:task_lvgl	24	static
../Core/Src/main.c:52:13:task_servo	16	static
../Core/Src/main.c:71:13:diag_blink	24	static
../Core/Src/main.c:89:6:ftUart_Send	16	static
../Core/Src/main.c:106:5:ftUart_Read	16	static
../Core/Src/main.c:122:6:ftBus_Delay	8	static
../Core/Src/main.c:138:5:main	224	static,ignoring_inline_asm
../Core/Src/main.c:221:6:SystemClock_Config	128	static
../Core/Src/main.c:277:13:MPU_Config	24	static
../Core/Src/main.c:302:6:Error_Handler	16	static
../Core/Src/main.c:319:6:vApplicationStackOverflowHook	16	static,ignoring_inline_asm
