../SCSLib/SCS.c:23:6:setEnd	16	static
../SCSLib/SCS.c:28:9:getEnd	4	static
../SCSLib/SCS.c:33:6:setLevel	16	static
../SCSLib/SCS.c:38:5:getState	4	static
../SCSLib/SCS.c:43:5:getLastError	4	static
../SCSLib/SCS.c:50:6:Host2SCS	24	static
../SCSLib/SCS.c:63:5:SCS2Host	24	static
../SCSLib/SCS.c:78:6:writeBuf	32	static
../SCSLib/SCS.c:111:5:genWrite	24	static
../SCSLib/SCS.c:121:5:regWrite	24	static
../SCSLib/SCS.c:130:5:regAction	24	static
../SCSLib/SCS.c:140:6:syncWrite	40	static
../SCSLib/SCS.c:173:5:writeByte	24	static
../SCSLib/SCS.c:181:5:writeWord	32	static
../SCSLib/SCS.c:193:5:Read	40	static
../SCSLib/SCS.c:242:5:readByte	24	static
../SCSLib/SCS.c:254:5:readWord	24	static
../SCSLib/SCS.c:267:5:Ping	32	static
../SCSLib/SCS.c:302:5:Reset	32	static
../SCSLib/SCS.c:336:5:checkHead	16	static
../SCSLib/SCS.c:359:5:Ack	24	static
../SCSLib/SCS.c:392:5:syncReadPacketTx	24	static
../SCSLib/SCS.c:418:6:syncReadBegin	16	static
../SCSLib/SCS.c:424:6:syncReadEnd	8	static
../SCSLib/SCS.c:432:5:syncReadPacketRx	24	static
../SCSLib/SCS.c:473:5:syncReadRxPacketToByte	4	static
../SCSLib/SCS.c:481:5:syncReadRxPacketToWrod	24	static
