../SCSLib/SCSCL.c:14:5:WritePos	32	static
../SCSLib/SCSCL.c:24:5:EnableTorque	16	static
../SCSLib/SCSCL.c:29:5:RegWritePos	32	static
../SCSLib/SCSCL.c:39:6:RegWriteAction	8	static
../SCSLib/SCSCL.c:44:6:SyncWritePos	232	static
../SCSLib/SCSCL.c:67:5:PWMMode	24	static
../SCSLib/SCSCL.c:77:5:WritePWM	24	static
../SCSLib/SCSCL.c:90:5:unLockEprom	16	static
../SCSLib/SCSCL.c:95:5:LockEprom	16	static
../SCSLib/SCSCL.c:100:5:FeedBack	24	static
../SCSLib/SCSCL.c:109:5:ReadPos	24	static
../SCSLib/SCSCL.c:125:5:ReadSpeed	24	static
../SCSLib/SCSCL.c:141:5:ReadLoad	24	static
../SCSLib/SCSCL.c:157:5:ReadVoltage	24	static
../SCSLib/SCSCL.c:168:5:ReadTemper	24	static
../SCSLib/SCSCL.c:179:5:ReadMove	24	static
../SCSLib/SCSCL.c:190:5:ReadCurrent	24	static
