../Core/Src/stm32h7xx_it.c:18:6:NMI_Handler	4	static
../Core/Src/stm32h7xx_it.c:23:6:HardFault_Handler	4	static
../Core/Src/stm32h7xx_it.c:28:6:MemManage_Handler	4	static
../Core/Src/stm32h7xx_it.c:33:6:BusFault_Handler	4	static
../Core/Src/stm32h7xx_it.c:38:6:UsageFault_Handler	4	static
../Core/Src/stm32h7xx_it.c:45:6:DebugMon_Handler	4	static
../Core/Src/stm32h7xx_it.c:50:6:SysTick_Handler	8	static
../Core/Src/stm32h7xx_it.c:65:6:LTDC_IRQHandler	8	static
../Core/Src/stm32h7xx_it.c:73:6:LTDC_ER_IRQHandler	8	static
