../my_drivers/LVGL/src/core/../misc/../font/../misc/lv_area.h:110:20:lv_area_copy	16	static
../my_drivers/LVGL/src/core/../misc/../font/../misc/lv_area.h:123:26:lv_area_get_width	16	static
../my_drivers/LVGL/src/core/../misc/../font/../misc/lv_area.h:133:26:lv_area_get_height	16	static
../my_drivers/LVGL/src/core/../misc/lv_mem.h:164:20:lv_memset_00	16	static
../my_drivers/LVGL/src/core/../misc/lv_color.h:588:26:lv_color_make	16	static
../my_drivers/LVGL/src/core/../misc/lv_color.h:689:26:lv_color_white	8	static
../my_drivers/LVGL/src/core/../misc/lv_color.h:693:26:lv_color_black	8	static
../my_drivers/LVGL/src/core/lv_obj_style_gen.h:79:26:lv_obj_get_style_transform_zoom	24	static
../my_drivers/LVGL/src/core/lv_obj_style_gen.h:85:26:lv_obj_get_style_transform_angle	24	static
../my_drivers/LVGL/src/core/lv_obj_style_gen.h:91:26:lv_obj_get_style_transform_pivot_x	24	static
../my_drivers/LVGL/src/core/lv_obj_style_gen.h:97:26:lv_obj_get_style_transform_pivot_y	24	static
../my_drivers/LVGL/src/core/lv_obj_style_gen.h:505:24:lv_obj_get_style_opa	24	static
../my_drivers/LVGL/src/core/lv_obj_style_gen.h:547:31:lv_obj_get_style_blend_mode	24	static
../my_drivers/LVGL/src/core/lv_disp.h:200:26:lv_layer_sys	8	static
../my_drivers/LVGL/src/core/lv_refr.c:102:6:_lv_refr_init	8	static
../my_drivers/LVGL/src/core/lv_refr.c:112:6:lv_refr_now	24	static
../my_drivers/LVGL/src/core/lv_refr.c:129:6:lv_obj_redraw	64	static
../my_drivers/LVGL/src/core/lv_refr.c:205:6:_lv_inv_area	40	static
../my_drivers/LVGL/src/core/lv_refr.c:266:13:_lv_refr_get_disp_refreshing	4	static
../my_drivers/LVGL/src/core/lv_refr.c:277:6:_lv_refr_set_disp_refreshing	16	static
../my_drivers/LVGL/src/core/lv_refr.c:286:6:_lv_disp_refr_timer	64	static
../my_drivers/LVGL/src/core/lv_refr.c:448:6:lv_refr_reset_fps_counter	4	static
../my_drivers/LVGL/src/core/lv_refr.c:454:10:lv_refr_get_fps_avg	4	static
../my_drivers/LVGL/src/core/lv_refr.c:471:13:lv_refr_join_area	32	static
../my_drivers/LVGL/src/core/lv_refr.c:508:13:refr_invalid_areas	16	static
../my_drivers/LVGL/src/core/lv_refr.c:552:13:refr_area	72	static
../my_drivers/LVGL/src/core/lv_refr.c:619:13:refr_area_part	144	static
../my_drivers/LVGL/src/core/lv_refr.c:726:19:lv_refr_get_top_obj	40	static
../my_drivers/LVGL/src/core/lv_refr.c:766:13:refr_obj_and_children	40	static
../my_drivers/LVGL/src/core/lv_refr.c:813:17:layer_get_area	72	static
../my_drivers/LVGL/src/core/lv_refr.c:857:13:layer_alpha_test	40	static
../my_drivers/LVGL/src/core/lv_refr.c:887:6:refr_obj	72	static
../my_drivers/LVGL/src/core/lv_refr.c:966:17:get_max_row	32	static
../my_drivers/LVGL/src/core/lv_refr.c:1004:13:draw_buf_rotate_180	48	static
../my_drivers/LVGL/src/core/lv_refr.c:1028:35:draw_buf_rotate_90	48	static
../my_drivers/LVGL/src/core/lv_refr.c:1051:20:draw_buf_rotate4	32	static
../my_drivers/LVGL/src/core/lv_refr.c:1065:13:draw_buf_rotate_90_sqr	32	static
../my_drivers/LVGL/src/core/lv_refr.c:1095:13:draw_buf_rotate	48	static
../my_drivers/LVGL/src/core/lv_refr.c:1184:13:draw_buf_flush	32	static
../my_drivers/LVGL/src/core/lv_refr.c:1237:13:call_flush_cb	32	static
../my_drivers/LVGL/src/core/lv_refr.c:1253:13:perf_monitor_init	16	static
