Component: ARM Compiler 5.06 update 6 (build 750) Tool: armlink [4d35ed]

==============================================================================

Section Cross References

    flashprg.o(.text) refers to system_stm32h7xx.o(.text) for SystemInit
    flashprg.o(.text) refers to systemconfig.o(.text) for SystemClock_Config
    flashprg.o(.text) refers to qspi_w25q64.o(.text) for QSPI_W25Qxx_Init
    flashprg.o(.text) refers to flashprg.o(.bss) for Verify_Data
    systemconfig.o(.text) refers to memseta.o(.text) for __aeabi_memclr4
    systemconfig.o(.text) refers to stm32h7xx_hal_rcc.o(.text) for HAL_RCC_OscConfig
    qspi_w25q64.o(.text) refers to memseta.o(.text) for __aeabi_memclr4
    qspi_w25q64.o(.text) refers to stm32h7xx_hal_gpio.o(.text) for HAL_GPIO_Init
    qspi_w25q64.o(.text) refers to stm32h7xx_hal_qspi.o(.text) for HAL_QSPI_DeInit
    qspi_w25q64.o(.text) refers to qspi_w25q64.o(.bss) for hqspi
    stm32h7xx_hal.o(.text) refers to stm32h7xx_hal_cortex.o(.text) for HAL_SYSTICK_Config
    stm32h7xx_hal.o(.text) refers to stm32h7xx_hal_rcc.o(.text) for HAL_RCC_GetSysClockFreq
    stm32h7xx_hal.o(.text) refers to systemconfig.o(.text) for HAL_InitTick
    stm32h7xx_hal.o(.text) refers to stm32h7xx_hal.o(.data) for uwTickFreq
    stm32h7xx_hal.o(.text) refers to system_stm32h7xx.o(.data) for SystemCoreClock
    stm32h7xx_hal.o(.text) refers to system_stm32h7xx.o(.constdata) for D1CorePrescTable
    stm32h7xx_hal_rcc.o(.text) refers to stm32h7xx_hal.o(.text) for HAL_GetTick
    stm32h7xx_hal_rcc.o(.text) refers to systemconfig.o(.text) for HAL_InitTick
    stm32h7xx_hal_rcc.o(.text) refers to system_stm32h7xx.o(.data) for SystemCoreClock
    stm32h7xx_hal_rcc.o(.text) refers to stm32h7xx_hal.o(.data) for uwTickPrio
    stm32h7xx_hal_rcc.o(.text) refers to stm32h7xx_hal_gpio.o(.text) for HAL_GPIO_Init
    stm32h7xx_hal_rcc.o(.text) refers to system_stm32h7xx.o(.constdata) for D1CorePrescTable
    stm32h7xx_hal_qspi.o(.text) refers to stm32h7xx_hal.o(.text) for HAL_GetTick
    stm32h7xx_hal_qspi.o(.text) refers to qspi_w25q64.o(.text) for HAL_QSPI_MspInit
    system_stm32h7xx.o(.text) refers to system_stm32h7xx.o(.constdata) for D1CorePrescTable
    system_stm32h7xx.o(.text) refers to system_stm32h7xx.o(.data) for SystemD2Clock


==============================================================================

Image Symbol Table

    Local Symbols

    Symbol Name                              Value     Ov Type        Size  Object(Section)

    .rev16_text                              0x00000000   Section        4  flashprg.o(.rev16_text)
    $v0                                      0x00000000   Number         0  flashprg.o(.rev16_text)
    ../clib/microlib/string/memset.c         0x00000000   Number         0  memseta.o ABSOLUTE
    ..\Core\Src\system_stm32h7xx.c           0x00000000   Number         0  system_stm32h7xx.o ABSOLUTE
    ..\Drivers\STM32H7xx_HAL_Driver\Src\stm32h7xx_hal.c 0x00000000   Number         0  stm32h7xx_hal.o ABSOLUTE
    ..\Drivers\STM32H7xx_HAL_Driver\Src\stm32h7xx_hal_cortex.c 0x00000000   Number         0  stm32h7xx_hal_cortex.o ABSOLUTE
    ..\Drivers\STM32H7xx_HAL_Driver\Src\stm32h7xx_hal_gpio.c 0x00000000   Number         0  stm32h7xx_hal_gpio.o ABSOLUTE
    ..\Drivers\STM32H7xx_HAL_Driver\Src\stm32h7xx_hal_qspi.c 0x00000000   Number         0  stm32h7xx_hal_qspi.o ABSOLUTE
    ..\Drivers\STM32H7xx_HAL_Driver\Src\stm32h7xx_hal_rcc.c 0x00000000   Number         0  stm32h7xx_hal_rcc.o ABSOLUTE
    ..\Drivers\User\Src\SystemConfig.c       0x00000000   Number         0  systemconfig.o ABSOLUTE
    ..\Drivers\User\Src\qspi_w25q64.c        0x00000000   Number         0  qspi_w25q64.o ABSOLUTE
    ..\Flash\FlashDev.c                      0x00000000   Number         0  flashdev.o ABSOLUTE
    ..\Flash\FlashPrg.c                      0x00000000   Number         0  flashprg.o ABSOLUTE
    ..\\Core\\Src\\system_stm32h7xx.c        0x00000000   Number         0  system_stm32h7xx.o ABSOLUTE
    ..\\Drivers\\STM32H7xx_HAL_Driver\\Src\\stm32h7xx_hal.c 0x00000000   Number         0  stm32h7xx_hal.o ABSOLUTE
    ..\\Drivers\\STM32H7xx_HAL_Driver\\Src\\stm32h7xx_hal_cortex.c 0x00000000   Number         0  stm32h7xx_hal_cortex.o ABSOLUTE
    ..\\Drivers\\STM32H7xx_HAL_Driver\\Src\\stm32h7xx_hal_gpio.c 0x00000000   Number         0  stm32h7xx_hal_gpio.o ABSOLUTE
    ..\\Drivers\\STM32H7xx_HAL_Driver\\Src\\stm32h7xx_hal_qspi.c 0x00000000   Number         0  stm32h7xx_hal_qspi.o ABSOLUTE
    ..\\Drivers\\STM32H7xx_HAL_Driver\\Src\\stm32h7xx_hal_rcc.c 0x00000000   Number         0  stm32h7xx_hal_rcc.o ABSOLUTE
    ..\\Drivers\\User\\Src\\SystemConfig.c   0x00000000   Number         0  systemconfig.o ABSOLUTE
    ..\\Drivers\\User\\Src\\qspi_w25q64.c    0x00000000   Number         0  qspi_w25q64.o ABSOLUTE
    ..\\Flash\\FlashPrg.c                    0x00000000   Number         0  flashprg.o ABSOLUTE
    dc.s                                     0x00000000   Number         0  dc.o ABSOLUTE
    .rev16_text                              0x00000004   Section        4  systemconfig.o(.rev16_text)
    $v0                                      0x00000004   Number         0  systemconfig.o(.rev16_text)
    .rev16_text                              0x00000008   Section        4  qspi_w25q64.o(.rev16_text)
    $v0                                      0x00000008   Number         0  qspi_w25q64.o(.rev16_text)
    .rev16_text                              0x0000000c   Section        4  stm32h7xx_hal.o(.rev16_text)
    $v0                                      0x0000000c   Number         0  stm32h7xx_hal.o(.rev16_text)
    .rev16_text                              0x00000010   Section        4  stm32h7xx_hal_rcc.o(.rev16_text)
    $v0                                      0x00000010   Number         0  stm32h7xx_hal_rcc.o(.rev16_text)
    .rev16_text                              0x00000014   Section        4  stm32h7xx_hal_gpio.o(.rev16_text)
    $v0                                      0x00000014   Number         0  stm32h7xx_hal_gpio.o(.rev16_text)
    .rev16_text                              0x00000018   Section        4  stm32h7xx_hal_cortex.o(.rev16_text)
    $v0                                      0x00000018   Number         0  stm32h7xx_hal_cortex.o(.rev16_text)
    .rev16_text                              0x0000001c   Section        4  stm32h7xx_hal_qspi.o(.rev16_text)
    $v0                                      0x0000001c   Number         0  stm32h7xx_hal_qspi.o(.rev16_text)
    .rev16_text                              0x00000020   Section        4  system_stm32h7xx.o(.rev16_text)
    $v0                                      0x00000020   Number         0  system_stm32h7xx.o(.rev16_text)
    .revsh_text                              0x00000024   Section        4  flashprg.o(.revsh_text)
    $v0                                      0x00000024   Number         0  flashprg.o(.revsh_text)
    .revsh_text                              0x00000028   Section        4  systemconfig.o(.revsh_text)
    $v0                                      0x00000028   Number         0  systemconfig.o(.revsh_text)
    .revsh_text                              0x0000002c   Section        4  qspi_w25q64.o(.revsh_text)
    $v0                                      0x0000002c   Number         0  qspi_w25q64.o(.revsh_text)
    .revsh_text                              0x00000030   Section        4  stm32h7xx_hal.o(.revsh_text)
    $v0                                      0x00000030   Number         0  stm32h7xx_hal.o(.revsh_text)
    .revsh_text                              0x00000034   Section        4  stm32h7xx_hal_rcc.o(.revsh_text)
    $v0                                      0x00000034   Number         0  stm32h7xx_hal_rcc.o(.revsh_text)
    .revsh_text                              0x00000038   Section        4  stm32h7xx_hal_gpio.o(.revsh_text)
    $v0                                      0x00000038   Number         0  stm32h7xx_hal_gpio.o(.revsh_text)
    .revsh_text                              0x0000003c   Section        4  stm32h7xx_hal_cortex.o(.revsh_text)
    $v0                                      0x0000003c   Number         0  stm32h7xx_hal_cortex.o(.revsh_text)
    .revsh_text                              0x00000040   Section        4  stm32h7xx_hal_qspi.o(.revsh_text)
    $v0                                      0x00000040   Number         0  stm32h7xx_hal_qspi.o(.revsh_text)
    .revsh_text                              0x00000044   Section        4  system_stm32h7xx.o(.revsh_text)
    $v0                                      0x00000044   Number         0  system_stm32h7xx.o(.revsh_text)
    .rrx_text                                0x00000048   Section        6  flashprg.o(.rrx_text)
    $v0                                      0x00000048   Number         0  flashprg.o(.rrx_text)
    .rrx_text                                0x00000050   Section        6  systemconfig.o(.rrx_text)
    $v0                                      0x00000050   Number         0  systemconfig.o(.rrx_text)
    .rrx_text                                0x00000058   Section        6  qspi_w25q64.o(.rrx_text)
    $v0                                      0x00000058   Number         0  qspi_w25q64.o(.rrx_text)
    .rrx_text                                0x00000060   Section        6  stm32h7xx_hal.o(.rrx_text)
    $v0                                      0x00000060   Number         0  stm32h7xx_hal.o(.rrx_text)
    .rrx_text                                0x00000068   Section        6  stm32h7xx_hal_rcc.o(.rrx_text)
    $v0                                      0x00000068   Number         0  stm32h7xx_hal_rcc.o(.rrx_text)
    .rrx_text                                0x00000070   Section        6  stm32h7xx_hal_gpio.o(.rrx_text)
    $v0                                      0x00000070   Number         0  stm32h7xx_hal_gpio.o(.rrx_text)
    .rrx_text                                0x00000078   Section        6  stm32h7xx_hal_cortex.o(.rrx_text)
    $v0                                      0x00000078   Number         0  stm32h7xx_hal_cortex.o(.rrx_text)
    .rrx_text                                0x00000080   Section        6  stm32h7xx_hal_qspi.o(.rrx_text)
    $v0                                      0x00000080   Number         0  stm32h7xx_hal_qspi.o(.rrx_text)
    .rrx_text                                0x00000088   Section        6  system_stm32h7xx.o(.rrx_text)
    $v0                                      0x00000088   Number         0  system_stm32h7xx.o(.rrx_text)
    .text                                    0x00000090   Section        0  flashprg.o(.text)
    .text                                    0x00000144   Section        0  systemconfig.o(.text)
    .text                                    0x00000228   Section        0  qspi_w25q64.o(.text)
    .text                                    0x00000908   Section        0  stm32h7xx_hal.o(.text)
    .text                                    0x00000f24   Section        0  stm32h7xx_hal_rcc.o(.text)
    .text                                    0x00001cac   Section        0  stm32h7xx_hal_gpio.o(.text)
    .text                                    0x00002078   Section        0  stm32h7xx_hal_cortex.o(.text)
    __NVIC_SetPriority                       0x00002079   Thumb Code    32  stm32h7xx_hal_cortex.o(.text)
    __NVIC_GetPriorityGrouping               0x000023df   Thumb Code    12  stm32h7xx_hal_cortex.o(.text)
    .text                                    0x00002400   Section        0  stm32h7xx_hal_qspi.o(.text)
    QSPI_WaitFlagStateUntilTimeout           0x00002401   Thumb Code    30  stm32h7xx_hal_qspi.o(.text)
    QSPI_Config                              0x000024f7   Thumb Code   488  stm32h7xx_hal_qspi.o(.text)
    .text                                    0x00002e98   Section        0  system_stm32h7xx.o(.text)
    .text                                    0x000031ac   Section        0  memseta.o(.text)
    .constdata                               0x000031d0   Section       16  system_stm32h7xx.o(.constdata)
    .data                                    0x000031e4   Section        9  stm32h7xx_hal.o(.data)
    .data                                    0x000031f0   Section        8  system_stm32h7xx.o(.data)
    .bss                                     0x000031f8   Section     8192  flashprg.o(.bss)
    .constdata                               0x000031f8   Section     4256  flashdev.o(.constdata)
    .bss                                     0x000051f8   Section       76  qspi_w25q64.o(.bss)

    Global Symbols

    Symbol Name                              Value     Ov Type        Size  Object(Section)

    BuildAttributes$$THM_ISAv4$E$P$D$K$B$S$7EM$VFPv5_D16$PE$PLD8$A:L22UL41UL21$X:L11$S22US41US21$IEEE1$IW$RWPI$USESV6$~STKCKD$USESV7$~SHL$OSPACE$ROPI$EBA8$MICROLIB$REQ8$PRES8$EABIv2 0x00000000   Number         0  anon$$obj.o ABSOLUTE
    __asm___10_FlashPrg_c_Init____REV16      0x00000001   Thumb Code     4  flashprg.o(.rev16_text)
    __asm___14_SystemConfig_c_2a3ab6ca____REV16 0x00000005   Thumb Code     4  systemconfig.o(.rev16_text)
    __asm___13_qspi_w25q64_c_907b669a____REV16 0x00000009   Thumb Code     4  qspi_w25q64.o(.rev16_text)
    __asm___15_stm32h7xx_hal_c_3da258af____REV16 0x0000000d   Thumb Code     4  stm32h7xx_hal.o(.rev16_text)
    __asm___19_stm32h7xx_hal_rcc_c_b7071a4b____REV16 0x00000011   Thumb Code     4  stm32h7xx_hal_rcc.o(.rev16_text)
    __asm___20_stm32h7xx_hal_gpio_c_ea787061____REV16 0x00000015   Thumb Code     4  stm32h7xx_hal_gpio.o(.rev16_text)
    __asm___22_stm32h7xx_hal_cortex_c_2992dbc0____REV16 0x00000019   Thumb Code     4  stm32h7xx_hal_cortex.o(.rev16_text)
    __asm___20_stm32h7xx_hal_qspi_c_9f327679____REV16 0x0000001d   Thumb Code     4  stm32h7xx_hal_qspi.o(.rev16_text)
    __asm___18_system_stm32h7xx_c_5d646a67____REV16 0x00000021   Thumb Code     4  system_stm32h7xx.o(.rev16_text)
    __asm___10_FlashPrg_c_Init____REVSH      0x00000025   Thumb Code     4  flashprg.o(.revsh_text)
    __asm___14_SystemConfig_c_2a3ab6ca____REVSH 0x00000029   Thumb Code     4  systemconfig.o(.revsh_text)
    __asm___13_qspi_w25q64_c_907b669a____REVSH 0x0000002d   Thumb Code     4  qspi_w25q64.o(.revsh_text)
    __asm___15_stm32h7xx_hal_c_3da258af____REVSH 0x00000031   Thumb Code     4  stm32h7xx_hal.o(.revsh_text)
    __asm___19_stm32h7xx_hal_rcc_c_b7071a4b____REVSH 0x00000035   Thumb Code     4  stm32h7xx_hal_rcc.o(.revsh_text)
    __asm___20_stm32h7xx_hal_gpio_c_ea787061____REVSH 0x00000039   Thumb Code     4  stm32h7xx_hal_gpio.o(.revsh_text)
    __asm___22_stm32h7xx_hal_cortex_c_2992dbc0____REVSH 0x0000003d   Thumb Code     4  stm32h7xx_hal_cortex.o(.revsh_text)
    __asm___20_stm32h7xx_hal_qspi_c_9f327679____REVSH 0x00000041   Thumb Code     4  stm32h7xx_hal_qspi.o(.revsh_text)
    __asm___18_system_stm32h7xx_c_5d646a67____REVSH 0x00000045   Thumb Code     4  system_stm32h7xx.o(.revsh_text)
    __asm___10_FlashPrg_c_Init____RRX        0x00000049   Thumb Code     6  flashprg.o(.rrx_text)
    __asm___14_SystemConfig_c_2a3ab6ca____RRX 0x00000051   Thumb Code     6  systemconfig.o(.rrx_text)
    __asm___13_qspi_w25q64_c_907b669a____RRX 0x00000059   Thumb Code     6  qspi_w25q64.o(.rrx_text)
    __asm___15_stm32h7xx_hal_c_3da258af____RRX 0x00000061   Thumb Code     6  stm32h7xx_hal.o(.rrx_text)
    __asm___19_stm32h7xx_hal_rcc_c_b7071a4b____RRX 0x00000069   Thumb Code     6  stm32h7xx_hal_rcc.o(.rrx_text)
    __asm___20_stm32h7xx_hal_gpio_c_ea787061____RRX 0x00000071   Thumb Code     6  stm32h7xx_hal_gpio.o(.rrx_text)
    __asm___22_stm32h7xx_hal_cortex_c_2992dbc0____RRX 0x00000079   Thumb Code     6  stm32h7xx_hal_cortex.o(.rrx_text)
    __asm___20_stm32h7xx_hal_qspi_c_9f327679____RRX 0x00000081   Thumb Code     6  stm32h7xx_hal_qspi.o(.rrx_text)
    __asm___18_system_stm32h7xx_c_5d646a67____RRX 0x00000089   Thumb Code     6  system_stm32h7xx.o(.rrx_text)
    Init                                     0x00000091   Thumb Code    30  flashprg.o(.text)
    UnInit                                   0x000000af   Thumb Code    18  flashprg.o(.text)
    EraseChip                                0x000000c1   Thumb Code    16  flashprg.o(.text)
    EraseSector                              0x000000d1   Thumb Code    24  flashprg.o(.text)
    BlankCheck                               0x000000e9   Thumb Code     6  flashprg.o(.text)
    ProgramPage                              0x000000ef   Thumb Code    24  flashprg.o(.text)
    Verify                                   0x00000107   Thumb Code    56  flashprg.o(.text)
    HAL_InitTick                             0x00000145   Thumb Code     6  systemconfig.o(.text)
    SystemClock_Config                       0x0000014b   Thumb Code   212  systemconfig.o(.text)
    HAL_QSPI_MspInit                         0x00000229   Thumb Code   360  qspi_w25q64.o(.text)
    MX_QUADSPI_Init                          0x00000391   Thumb Code    84  qspi_w25q64.o(.text)
    QSPI_W25Qxx_ReadID                       0x000003e5   Thumb Code   100  qspi_w25q64.o(.text)
    QSPI_W25Qxx_Init                         0x00000449   Thumb Code    28  qspi_w25q64.o(.text)
    QSPI_W25Qxx_AutoPollingMemReady          0x00000465   Thumb Code    86  qspi_w25q64.o(.text)
    QSPI_W25Qxx_Reset                        0x000004bb   Thumb Code   108  qspi_w25q64.o(.text)
    QSPI_W25Qxx_MemoryMappedMode             0x00000527   Thumb Code    78  qspi_w25q64.o(.text)
    QSPI_W25Qxx_WriteEnable                  0x00000575   Thumb Code   118  qspi_w25q64.o(.text)
    QSPI_W25Qxx_SectorErase                  0x000005eb   Thumb Code   120  qspi_w25q64.o(.text)
    QSPI_W25Qxx_BlockErase_32K               0x00000663   Thumb Code    96  qspi_w25q64.o(.text)
    QSPI_W25Qxx_BlockErase_64K               0x000006c3   Thumb Code    96  qspi_w25q64.o(.text)
    QSPI_W25Qxx_ChipErase                    0x00000723   Thumb Code   130  qspi_w25q64.o(.text)
    QSPI_W25Qxx_WritePage                    0x000007a5   Thumb Code   128  qspi_w25q64.o(.text)
    QSPI_W25Qxx_WriteBuffer                  0x00000825   Thumb Code   106  qspi_w25q64.o(.text)
    QSPI_W25Qxx_ReadBuffer                   0x0000088f   Thumb Code   114  qspi_w25q64.o(.text)
    HAL_MspInit                              0x00000909   Thumb Code     2  stm32h7xx_hal.o(.text)
    HAL_Init                                 0x0000095d   Thumb Code    86  stm32h7xx_hal.o(.text)
    HAL_MspDeInit                            0x000009b3   Thumb Code     2  stm32h7xx_hal.o(.text)
    HAL_DeInit                               0x000009b5   Thumb Code   106  stm32h7xx_hal.o(.text)
    HAL_IncTick                              0x00000a1f   Thumb Code    22  stm32h7xx_hal.o(.text)
    HAL_GetTick                              0x00000a35   Thumb Code     8  stm32h7xx_hal.o(.text)
    HAL_GetTickPrio                          0x00000a3d   Thumb Code     8  stm32h7xx_hal.o(.text)
    HAL_SetTickFreq                          0x00000a45   Thumb Code    48  stm32h7xx_hal.o(.text)
    HAL_GetTickFreq                          0x00000a75   Thumb Code     8  stm32h7xx_hal.o(.text)
    HAL_Delay                                0x00000a7d   Thumb Code    38  stm32h7xx_hal.o(.text)
    HAL_SuspendTick                          0x00000aa3   Thumb Code    18  stm32h7xx_hal.o(.text)
    HAL_ResumeTick                           0x00000ab5   Thumb Code    18  stm32h7xx_hal.o(.text)
    HAL_GetHalVersion                        0x00000ac7   Thumb Code     4  stm32h7xx_hal.o(.text)
    HAL_GetREVID                             0x00000acb   Thumb Code     8  stm32h7xx_hal.o(.text)
    HAL_GetDEVID                             0x00000ad3   Thumb Code    10  stm32h7xx_hal.o(.text)
    HAL_GetUIDw0                             0x00000add   Thumb Code     6  stm32h7xx_hal.o(.text)
    HAL_GetUIDw1                             0x00000ae3   Thumb Code     8  stm32h7xx_hal.o(.text)
    HAL_GetUIDw2                             0x00000aeb   Thumb Code     8  stm32h7xx_hal.o(.text)
    HAL_SYSCFG_VREFBUF_VoltageScalingConfig  0x00000af3   Thumb Code    16  stm32h7xx_hal.o(.text)
    HAL_SYSCFG_VREFBUF_HighImpedanceConfig   0x00000b03   Thumb Code    16  stm32h7xx_hal.o(.text)
    HAL_SYSCFG_VREFBUF_TrimmingConfig        0x00000b13   Thumb Code    20  stm32h7xx_hal.o(.text)
    HAL_SYSCFG_EnableVREFBUF                 0x00000b27   Thumb Code    52  stm32h7xx_hal.o(.text)
    HAL_SYSCFG_DisableVREFBUF                0x00000b5b   Thumb Code    14  stm32h7xx_hal.o(.text)
    HAL_SYSCFG_ETHInterfaceSelect            0x00000b69   Thumb Code    16  stm32h7xx_hal.o(.text)
    HAL_SYSCFG_AnalogSwitchConfig            0x00000b79   Thumb Code    14  stm32h7xx_hal.o(.text)
    HAL_SYSCFG_EnableBOOST                   0x00000b87   Thumb Code    14  stm32h7xx_hal.o(.text)
    HAL_SYSCFG_DisableBOOST                  0x00000b95   Thumb Code    14  stm32h7xx_hal.o(.text)
    HAL_SYSCFG_CM7BootAddConfig              0x00000ba3   Thumb Code    40  stm32h7xx_hal.o(.text)
    HAL_EnableCompensationCell               0x00000bcb   Thumb Code    18  stm32h7xx_hal.o(.text)
    HAL_DisableCompensationCell              0x00000bdd   Thumb Code    18  stm32h7xx_hal.o(.text)
    HAL_SYSCFG_EnableIOSpeedOptimize         0x00000bef   Thumb Code    18  stm32h7xx_hal.o(.text)
    HAL_SYSCFG_DisableIOSpeedOptimize        0x00000c01   Thumb Code    18  stm32h7xx_hal.o(.text)
    HAL_SYSCFG_CompensationCodeSelect        0x00000c13   Thumb Code    20  stm32h7xx_hal.o(.text)
    HAL_SYSCFG_CompensationCodeConfig        0x00000c27   Thumb Code    24  stm32h7xx_hal.o(.text)
    HAL_DBGMCU_EnableDBGSleepMode            0x00000c3f   Thumb Code    14  stm32h7xx_hal.o(.text)
    HAL_DBGMCU_DisableDBGSleepMode           0x00000c4d   Thumb Code    14  stm32h7xx_hal.o(.text)
    HAL_DBGMCU_EnableDBGStopMode             0x00000c5b   Thumb Code    14  stm32h7xx_hal.o(.text)
    HAL_DBGMCU_DisableDBGStopMode            0x00000c69   Thumb Code    14  stm32h7xx_hal.o(.text)
    HAL_DBGMCU_EnableDBGStandbyMode          0x00000c77   Thumb Code    14  stm32h7xx_hal.o(.text)
    HAL_DBGMCU_DisableDBGStandbyMode         0x00000c85   Thumb Code    14  stm32h7xx_hal.o(.text)
    HAL_EnableDomain3DBGStopMode             0x00000c93   Thumb Code    14  stm32h7xx_hal.o(.text)
    HAL_DisableDomain3DBGStopMode            0x00000ca1   Thumb Code    14  stm32h7xx_hal.o(.text)
    HAL_EnableDomain3DBGStandbyMode          0x00000caf   Thumb Code    14  stm32h7xx_hal.o(.text)
    HAL_DisableDomain3DBGStandbyMode         0x00000cbd   Thumb Code    14  stm32h7xx_hal.o(.text)
    HAL_SetFMCMemorySwappingConfig           0x00000ccb   Thumb Code    16  stm32h7xx_hal.o(.text)
    HAL_GetFMCMemorySwappingConfig           0x00000cdb   Thumb Code    10  stm32h7xx_hal.o(.text)
    HAL_EXTI_EdgeConfig                      0x00000ce5   Thumb Code   226  stm32h7xx_hal.o(.text)
    HAL_EXTI_GenerateSWInterrupt             0x00000dc7   Thumb Code    32  stm32h7xx_hal.o(.text)
    HAL_EXTI_D1_ClearFlag                    0x00000de7   Thumb Code    22  stm32h7xx_hal.o(.text)
    HAL_EXTI_D1_EventInputConfig             0x00000dfd   Thumb Code   168  stm32h7xx_hal.o(.text)
    HAL_EXTI_D3_EventInputConfig             0x00000ea5   Thumb Code   124  stm32h7xx_hal.o(.text)
    HAL_RCC_DeInit                           0x00000f25   Thumb Code   526  stm32h7xx_hal_rcc.o(.text)
    HAL_RCC_OscConfig                        0x00001133   Thumb Code   668  stm32h7xx_hal_rcc.o(.text)
    HAL_RCC_GetSysClockFreq                  0x000013cf   Thumb Code   518  stm32h7xx_hal_rcc.o(.text)
    HAL_RCC_ClockConfig                      0x000015d5   Thumb Code   820  stm32h7xx_hal_rcc.o(.text)
    HAL_RCC_MCOConfig                        0x00001909   Thumb Code   182  stm32h7xx_hal_rcc.o(.text)
    HAL_RCC_EnableCSS                        0x000019bf   Thumb Code    14  stm32h7xx_hal_rcc.o(.text)
    HAL_RCC_DisableCSS                       0x000019cd   Thumb Code    14  stm32h7xx_hal_rcc.o(.text)
    HAL_RCC_GetHCLKFreq                      0x000019db   Thumb Code    70  stm32h7xx_hal_rcc.o(.text)
    HAL_RCC_GetPCLK1Freq                     0x00001a21   Thumb Code    32  stm32h7xx_hal_rcc.o(.text)
    HAL_RCC_GetPCLK2Freq                     0x00001a41   Thumb Code    32  stm32h7xx_hal_rcc.o(.text)
    HAL_RCC_GetOscConfig                     0x00001a61   Thumb Code   442  stm32h7xx_hal_rcc.o(.text)
    HAL_RCC_GetClockConfig                   0x00001c1b   Thumb Code   100  stm32h7xx_hal_rcc.o(.text)
    HAL_RCC_CSSCallback                      0x00001c7f   Thumb Code     2  stm32h7xx_hal_rcc.o(.text)
    HAL_RCC_NMI_IRQHandler                   0x00001c81   Thumb Code    34  stm32h7xx_hal_rcc.o(.text)
    HAL_GPIO_Init                            0x00001cad   Thumb Code   468  stm32h7xx_hal_gpio.o(.text)
    HAL_GPIO_DeInit                          0x00001e81   Thumb Code   328  stm32h7xx_hal_gpio.o(.text)
    HAL_GPIO_ReadPin                         0x00001fc9   Thumb Code    16  stm32h7xx_hal_gpio.o(.text)
    HAL_GPIO_WritePin                        0x00001fd9   Thumb Code    12  stm32h7xx_hal_gpio.o(.text)
    HAL_GPIO_TogglePin                       0x00001fe5   Thumb Code    18  stm32h7xx_hal_gpio.o(.text)
    HAL_GPIO_LockPin                         0x00001ff7   Thumb Code    46  stm32h7xx_hal_gpio.o(.text)
    HAL_GPIO_EXTI_Callback                   0x00002025   Thumb Code     2  stm32h7xx_hal_gpio.o(.text)
    HAL_GPIO_EXTI_IRQHandler                 0x00002027   Thumb Code    28  stm32h7xx_hal_gpio.o(.text)
    HAL_NVIC_SetPriorityGrouping             0x00002099   Thumb Code    36  stm32h7xx_hal_cortex.o(.text)
    HAL_NVIC_SetPriority                     0x000020bd   Thumb Code   122  stm32h7xx_hal_cortex.o(.text)
    HAL_NVIC_EnableIRQ                       0x00002137   Thumb Code    40  stm32h7xx_hal_cortex.o(.text)
    HAL_NVIC_DisableIRQ                      0x0000215f   Thumb Code    38  stm32h7xx_hal_cortex.o(.text)
    HAL_NVIC_SystemReset                     0x00002185   Thumb Code    40  stm32h7xx_hal_cortex.o(.text)
    HAL_SYSTICK_Config                       0x000021ad   Thumb Code    52  stm32h7xx_hal_cortex.o(.text)
    HAL_MPU_Disable                          0x000021e1   Thumb Code    30  stm32h7xx_hal_cortex.o(.text)
    HAL_MPU_Enable                           0x000021ff   Thumb Code    36  stm32h7xx_hal_cortex.o(.text)
    HAL_MPU_ConfigRegion                     0x00002223   Thumb Code    90  stm32h7xx_hal_cortex.o(.text)
    HAL_NVIC_GetPriorityGrouping             0x0000227d   Thumb Code     8  stm32h7xx_hal_cortex.o(.text)
    HAL_NVIC_GetPriority                     0x00002285   Thumb Code   138  stm32h7xx_hal_cortex.o(.text)
    HAL_NVIC_SetPendingIRQ                   0x0000230f   Thumb Code    32  stm32h7xx_hal_cortex.o(.text)
    HAL_NVIC_GetPendingIRQ                   0x0000232f   Thumb Code    46  stm32h7xx_hal_cortex.o(.text)
    HAL_NVIC_ClearPendingIRQ                 0x0000235d   Thumb Code    30  stm32h7xx_hal_cortex.o(.text)
    HAL_NVIC_GetActive                       0x0000237b   Thumb Code    46  stm32h7xx_hal_cortex.o(.text)
    HAL_SYSTICK_CLKSourceConfig              0x000023a9   Thumb Code    40  stm32h7xx_hal_cortex.o(.text)
    HAL_SYSTICK_Callback                     0x000023d1   Thumb Code     2  stm32h7xx_hal_cortex.o(.text)
    HAL_SYSTICK_IRQHandler                   0x000023d3   Thumb Code     8  stm32h7xx_hal_cortex.o(.text)
    HAL_GetCurrentCPUID                      0x000023db   Thumb Code     4  stm32h7xx_hal_cortex.o(.text)
    HAL_QSPI_SetTimeout                      0x0000241f   Thumb Code     4  stm32h7xx_hal_qspi.o(.text)
    HAL_QSPI_Init                            0x00002425   Thumb Code   168  stm32h7xx_hal_qspi.o(.text)
    HAL_QSPI_MspDeInit                       0x000024cd   Thumb Code     2  stm32h7xx_hal_qspi.o(.text)
    HAL_QSPI_DeInit                          0x000024cf   Thumb Code    40  stm32h7xx_hal_qspi.o(.text)
    HAL_QSPI_Command                         0x000026df   Thumb Code   164  stm32h7xx_hal_qspi.o(.text)
    HAL_QSPI_Command_IT                      0x00002783   Thumb Code   180  stm32h7xx_hal_qspi.o(.text)
    HAL_QSPI_Transmit                        0x00002837   Thumb Code   222  stm32h7xx_hal_qspi.o(.text)
    HAL_QSPI_Receive                         0x00002915   Thumb Code   228  stm32h7xx_hal_qspi.o(.text)
    HAL_QSPI_Transmit_IT                     0x000029f9   Thumb Code   144  stm32h7xx_hal_qspi.o(.text)
    HAL_QSPI_Receive_IT                      0x00002a89   Thumb Code   156  stm32h7xx_hal_qspi.o(.text)
    HAL_QSPI_AutoPolling                     0x00002b25   Thumb Code   202  stm32h7xx_hal_qspi.o(.text)
    HAL_QSPI_AutoPolling_IT                  0x00002bef   Thumb Code   206  stm32h7xx_hal_qspi.o(.text)
    HAL_QSPI_MemoryMapped                    0x00002cbd   Thumb Code   172  stm32h7xx_hal_qspi.o(.text)
    HAL_QSPI_ErrorCallback                   0x00002d69   Thumb Code     2  stm32h7xx_hal_qspi.o(.text)
    HAL_QSPI_AbortCpltCallback               0x00002d6b   Thumb Code     2  stm32h7xx_hal_qspi.o(.text)
    HAL_QSPI_CmdCpltCallback                 0x00002d6d   Thumb Code     2  stm32h7xx_hal_qspi.o(.text)
    HAL_QSPI_RxCpltCallback                  0x00002d6f   Thumb Code     2  stm32h7xx_hal_qspi.o(.text)
    HAL_QSPI_TxCpltCallback                  0x00002d71   Thumb Code     2  stm32h7xx_hal_qspi.o(.text)
    HAL_QSPI_FifoThresholdCallback           0x00002d73   Thumb Code     2  stm32h7xx_hal_qspi.o(.text)
    HAL_QSPI_StatusMatchCallback             0x00002d75   Thumb Code     2  stm32h7xx_hal_qspi.o(.text)
    HAL_QSPI_TimeOutCallback                 0x00002d77   Thumb Code     2  stm32h7xx_hal_qspi.o(.text)
    HAL_QSPI_GetState                        0x00002d79   Thumb Code     8  stm32h7xx_hal_qspi.o(.text)
    HAL_QSPI_GetError                        0x00002d81   Thumb Code     6  stm32h7xx_hal_qspi.o(.text)
    HAL_QSPI_Abort                           0x00002d87   Thumb Code   112  stm32h7xx_hal_qspi.o(.text)
    HAL_QSPI_SetFifoThreshold                0x00002df7   Thumb Code    76  stm32h7xx_hal_qspi.o(.text)
    HAL_QSPI_GetFifoThreshold                0x00002e43   Thumb Code    14  stm32h7xx_hal_qspi.o(.text)
    HAL_QSPI_SetFlashID                      0x00002e51   Thumb Code    70  stm32h7xx_hal_qspi.o(.text)
    SystemInit                               0x00002e99   Thumb Code   220  system_stm32h7xx.o(.text)
    SystemCoreClockUpdate                    0x00002f75   Thumb Code   492  system_stm32h7xx.o(.text)
    __aeabi_memset                           0x000031ad   Thumb Code    14  memseta.o(.text)
    __aeabi_memset4                          0x000031ad   Thumb Code     0  memseta.o(.text)
    __aeabi_memset8                          0x000031ad   Thumb Code     0  memseta.o(.text)
    __aeabi_memclr                           0x000031bb   Thumb Code     4  memseta.o(.text)
    __aeabi_memclr4                          0x000031bb   Thumb Code     0  memseta.o(.text)
    __aeabi_memclr8                          0x000031bb   Thumb Code     0  memseta.o(.text)
    _memset$wrapper                          0x000031bf   Thumb Code    18  memseta.o(.text)
    D1CorePrescTable                         0x000031d0   Data          16  system_stm32h7xx.o(.constdata)
    uwTick                                   0x000031e4   Data           4  stm32h7xx_hal.o(.data)
    uwTickPrio                               0x000031e8   Data           4  stm32h7xx_hal.o(.data)
    uwTickFreq                               0x000031ec   Data           1  stm32h7xx_hal.o(.data)
    SystemCoreClock                          0x000031f0   Data           4  system_stm32h7xx.o(.data)
    SystemD2Clock                            0x000031f4   Data           4  system_stm32h7xx.o(.data)
    FlashDevice                              0x000031f8   Data        4256  flashdev.o(.constdata)
    Verify_Data                              0x000031f8   Data        8192  flashprg.o(.bss)
    hqspi                                    0x000051f8   Data          76  qspi_w25q64.o(.bss)



==============================================================================

Memory Map of the image

  Image entry point : Not specified.

  Load Region PRG (Base: 0x00000000, Size: 0x000031f8, Max: 0xffffffff, PI)

    Execution Region PrgCode (Exec base: 0x00000000, Load base: 0x00000000, Size: 0x000031e0, Max: 0xffffffff, PI)

    Exec Addr    Load Addr    Size         Type   Attr      Idx    E Section Name        Object

    0x00000000   0x00000000   0x00000004   Code   RO            1    .rev16_text         flashprg.o
    0x00000004   0x00000004   0x00000004   Code   RO          349    .rev16_text         systemconfig.o
    0x00000008   0x00000008   0x00000004   Code   RO          373    .rev16_text         qspi_w25q64.o
    0x0000000c   0x0000000c   0x00000004   Code   RO          400    .rev16_text         stm32h7xx_hal.o
    0x00000010   0x00000010   0x00000004   Code   RO          430    .rev16_text         stm32h7xx_hal_rcc.o
    0x00000014   0x00000014   0x00000004   Code   RO          454    .rev16_text         stm32h7xx_hal_gpio.o
    0x00000018   0x00000018   0x00000004   Code   RO          478    .rev16_text         stm32h7xx_hal_cortex.o
    0x0000001c   0x0000001c   0x00000004   Code   RO          506    .rev16_text         stm32h7xx_hal_qspi.o
    0x00000020   0x00000020   0x00000004   Code   RO          530    .rev16_text         system_stm32h7xx.o
    0x00000024   0x00000024   0x00000004   Code   RO            2    .revsh_text         flashprg.o
    0x00000028   0x00000028   0x00000004   Code   RO          350    .revsh_text         systemconfig.o
    0x0000002c   0x0000002c   0x00000004   Code   RO          374    .revsh_text         qspi_w25q64.o
    0x00000030   0x00000030   0x00000004   Code   RO          401    .revsh_text         stm32h7xx_hal.o
    0x00000034   0x00000034   0x00000004   Code   RO          431    .revsh_text         stm32h7xx_hal_rcc.o
    0x00000038   0x00000038   0x00000004   Code   RO          455    .revsh_text         stm32h7xx_hal_gpio.o
    0x0000003c   0x0000003c   0x00000004   Code   RO          479    .revsh_text         stm32h7xx_hal_cortex.o
    0x00000040   0x00000040   0x00000004   Code   RO          507    .revsh_text         stm32h7xx_hal_qspi.o
    0x00000044   0x00000044   0x00000004   Code   RO          531    .revsh_text         system_stm32h7xx.o
    0x00000048   0x00000048   0x00000006   Code   RO            3    .rrx_text           flashprg.o
    0x0000004e   0x0000004e   0x00000002   PAD
    0x00000050   0x00000050   0x00000006   Code   RO          351    .rrx_text           systemconfig.o
    0x00000056   0x00000056   0x00000002   PAD
    0x00000058   0x00000058   0x00000006   Code   RO          375    .rrx_text           qspi_w25q64.o
    0x0000005e   0x0000005e   0x00000002   PAD
    0x00000060   0x00000060   0x00000006   Code   RO          402    .rrx_text           stm32h7xx_hal.o
    0x00000066   0x00000066   0x00000002   PAD
    0x00000068   0x00000068   0x00000006   Code   RO          432    .rrx_text           stm32h7xx_hal_rcc.o
    0x0000006e   0x0000006e   0x00000002   PAD
    0x00000070   0x00000070   0x00000006   Code   RO          456    .rrx_text           stm32h7xx_hal_gpio.o
    0x00000076   0x00000076   0x00000002   PAD
    0x00000078   0x00000078   0x00000006   Code   RO          480    .rrx_text           stm32h7xx_hal_cortex.o
    0x0000007e   0x0000007e   0x00000002   PAD
    0x00000080   0x00000080   0x00000006   Code   RO          508    .rrx_text           stm32h7xx_hal_qspi.o
    0x00000086   0x00000086   0x00000002   PAD
    0x00000088   0x00000088   0x00000006   Code   RO          532    .rrx_text           system_stm32h7xx.o
    0x0000008e   0x0000008e   0x00000002   PAD
    0x00000090   0x00000090   0x000000b4   Code   RO            4    .text               flashprg.o
    0x00000144   0x00000144   0x000000e4   Code   RO          352    .text               systemconfig.o
    0x00000228   0x00000228   0x000006e0   Code   RO          376    .text               qspi_w25q64.o
    0x00000908   0x00000908   0x0000061c   Code   RO          403    .text               stm32h7xx_hal.o
    0x00000f24   0x00000f24   0x00000d88   Code   RO          433    .text               stm32h7xx_hal_rcc.o
    0x00001cac   0x00001cac   0x000003cc   Code   RO          457    .text               stm32h7xx_hal_gpio.o
    0x00002078   0x00002078   0x00000388   Code   RO          481    .text               stm32h7xx_hal_cortex.o
    0x00002400   0x00002400   0x00000a96   Code   RO          509    .text               stm32h7xx_hal_qspi.o
    0x00002e96   0x00002e96   0x00000002   PAD
    0x00002e98   0x00002e98   0x00000314   Code   RO          533    .text               system_stm32h7xx.o
    0x000031ac   0x000031ac   0x00000024   Code   RO          563    .text               mc_w.l(memseta.o)
    0x000031d0   0x000031d0   0x00000010   Data   RO          534    .constdata          system_stm32h7xx.o


    Execution Region PrgData (Exec base: 0x000031e0, Load base: 0x000031e0, Size: 0x00002064, Max: 0xffffffff, PI)

    Exec Addr    Load Addr    Size         Type   Attr      Idx    E Section Name        Object

    0x000031e0   0x000031e0   0x00000004   Data   RW          565    PDT$$ptr            anon$$obj.o
    0x000031e4   0x000031e4   0x00000009   Data   RW          404    .data               stm32h7xx_hal.o
    0x000031ed   0x000031ed   0x00000003   PAD
    0x000031f0   0x000031f0   0x00000008   Data   RW          535    .data               system_stm32h7xx.o
    0x000031f8        -       0x00002000   Zero   RW            5    .bss                flashprg.o
    0x000051f8        -       0x0000004c   Zero   RW          377    .bss                qspi_w25q64.o



  Load Region DSCR (Base: 0x000031f8, Size: 0x000010a0, Max: 0xffffffff, PI)

    Execution Region DevDscr (Exec base: 0x000031f8, Load base: 0x000031f8, Size: 0x000010a0, Max: 0xffffffff, PI)

    Exec Addr    Load Addr    Size         Type   Attr      Idx    E Section Name        Object

    0x000031f8   0x000031f8   0x000010a0   Data   RO          337    .constdata          flashdev.o


==============================================================================

Image component sizes


      Code (inc. data)   RO Data    RW Data    ZI Data      Debug   Object Name

         0          0       4256          0          0       1538   flashdev.o
       194          6          0          0       8192    1151243   flashprg.o
      1774         32          0          0         76       8695   qspi_w25q64.o
      1578         84          0          9          0      31125   stm32h7xx_hal.o
       918         22          0          0          0      43002   stm32h7xx_hal_cortex.o
       986         54          0          0          0       5583   stm32h7xx_hal_gpio.o
      2724          8          0          0          0      12687   stm32h7xx_hal_qspi.o
      3478        124          0          0          0       7991   stm32h7xx_hal_rcc.o
       802         76         16          8          0       3948   system_stm32h7xx.o
       242         10          0          0          0       3234   systemconfig.o

    ----------------------------------------------------------------------
     12716        416       4272         24       8268    1269046   Object Totals
         0          0          0          4          0          0   (incl. Generated)
        20          0          0          3          0          0   (incl. Padding)

    ----------------------------------------------------------------------

      Code (inc. data)   RO Data    RW Data    ZI Data      Debug   Library Member Name

        36          0          0          0          0        108   memseta.o

    ----------------------------------------------------------------------
        36          0          0          0          0        108   Library Totals
         0          0          0          0          0          0   (incl. Padding)

    ----------------------------------------------------------------------

      Code (inc. data)   RO Data    RW Data    ZI Data      Debug   Library Name

        36          0          0          0          0        108   mc_w.l

    ----------------------------------------------------------------------
        36          0          0          0          0        108   Library Totals

    ----------------------------------------------------------------------

==============================================================================


      Code (inc. data)   RO Data    RW Data    ZI Data      Debug   

     12752        416       4272         24       8268    1264558   Grand Totals
     12752        416       4272         24       8268    1264558   ELF Image Totals
     12752        416       4272         24          0          0   ROM Totals

==============================================================================

    Total RO  Size (Code + RO Data)                17024 (  16.63kB)
    Total RW  Size (RW Data + ZI Data)              8292 (   8.10kB)
    Total ROM Size (Code + RO Data + RW Data)      17048 (  16.65kB)

==============================================================================

