Archive member included to satisfy reference by file (symbol)

/opt/st/stm32cubeide_2.0.0/plugins/com.st.stm32cube.ide.mcu.externaltools.gnu-tools-for-stm32.13.3.rel1.linux64_1.0.100.202509120712/tools/bin/../lib/gcc/arm-none-eabi/13.3.1/../../../../arm-none-eabi/lib/thumb/v7e-m+dp/hard/libc_nano.a(libc_a-assert.o)
                              ./my_drivers/LVGL/src/extra/libs/qrcode/qrcodegen.o (__assert_func)
/opt/st/stm32cubeide_2.0.0/plugins/com.st.stm32cube.ide.mcu.externaltools.gnu-tools-for-stm32.13.3.rel1.linux64_1.0.100.202509120712/tools/bin/../lib/gcc/arm-none-eabi/13.3.1/../../../../arm-none-eabi/lib/thumb/v7e-m+dp/hard/libc_nano.a(libc_a-exit.o)
                              /opt/st/stm32cubeide_2.0.0/plugins/com.st.stm32cube.ide.mcu.externaltools.gnu-tools-for-stm32.13.3.rel1.linux64_1.0.100.202509120712/tools/bin/../lib/gcc/arm-none-eabi/13.3.1/../../../../arm-none-eabi/lib/thumb/v7e-m+dp/hard/crt0.o (exit)
/opt/st/stm32cubeide_2.0.0/plugins/com.st.stm32cube.ide.mcu.externaltools.gnu-tools-for-stm32.13.3.rel1.linux64_1.0.100.202509120712/tools/bin/../lib/gcc/arm-none-eabi/13.3.1/../../../../arm-none-eabi/lib/thumb/v7e-m+dp/hard/libc_nano.a(libc_a-malloc.o)
                              ./SCSLib/SCS.o (malloc)
/opt/st/stm32cubeide_2.0.0/plugins/com.st.stm32cube.ide.mcu.externaltools.gnu-tools-for-stm32.13.3.rel1.linux64_1.0.100.202509120712/tools/bin/../lib/gcc/arm-none-eabi/13.3.1/../../../../arm-none-eabi/lib/thumb/v7e-m+dp/hard/libc_nano.a(libc_a-mallocr.o)
                              /opt/st/stm32cubeide_2.0.0/plugins/com.st.stm32cube.ide.mcu.externaltools.gnu-tools-for-stm32.13.3.rel1.linux64_1.0.100.202509120712/tools/bin/../lib/gcc/arm-none-eabi/13.3.1/../../../../arm-none-eabi/lib/thumb/v7e-m+dp/hard/libc_nano.a(libc_a-malloc.o) (_malloc_r)
/opt/st/stm32cubeide_2.0.0/plugins/com.st.stm32cube.ide.mcu.externaltools.gnu-tools-for-stm32.13.3.rel1.linux64_1.0.100.202509120712/tools/bin/../lib/gcc/arm-none-eabi/13.3.1/../../../../arm-none-eabi/lib/thumb/v7e-m+dp/hard/libc_nano.a(libc_a-mlock.o)
                              /opt/st/stm32cubeide_2.0.0/plugins/com.st.stm32cube.ide.mcu.externaltools.gnu-tools-for-stm32.13.3.rel1.linux64_1.0.100.202509120712/tools/bin/../lib/gcc/arm-none-eabi/13.3.1/../../../../arm-none-eabi/lib/thumb/v7e-m+dp/hard/libc_nano.a(libc_a-mallocr.o) (__malloc_lock)
/opt/st/stm32cubeide_2.0.0/plugins/com.st.stm32cube.ide.mcu.externaltools.gnu-tools-for-stm32.13.3.rel1.linux64_1.0.100.202509120712/tools/bin/../lib/gcc/arm-none-eabi/13.3.1/../../../../arm-none-eabi/lib/thumb/v7e-m+dp/hard/libc_nano.a(libc_a-findfp.o)
                              /opt/st/stm32cubeide_2.0.0/plugins/com.st.stm32cube.ide.mcu.externaltools.gnu-tools-for-stm32.13.3.rel1.linux64_1.0.100.202509120712/tools/bin/../lib/gcc/arm-none-eabi/13.3.1/../../../../arm-none-eabi/lib/thumb/v7e-m+dp/hard/libc_nano.a(libc_a-exit.o) (__stdio_exit_handler)
/opt/st/stm32cubeide_2.0.0/plugins/com.st.stm32cube.ide.mcu.externaltools.gnu-tools-for-stm32.13.3.rel1.linux64_1.0.100.202509120712/tools/bin/../lib/gcc/arm-none-eabi/13.3.1/../../../../arm-none-eabi/lib/thumb/v7e-m+dp/hard/libc_nano.a(libc_a-fprintf.o)
                              /opt/st/stm32cubeide_2.0.0/plugins/com.st.stm32cube.ide.mcu.externaltools.gnu-tools-for-stm32.13.3.rel1.linux64_1.0.100.202509120712/tools/bin/../lib/gcc/arm-none-eabi/13.3.1/../../../../arm-none-eabi/lib/thumb/v7e-m+dp/hard/libc_nano.a(libc_a-assert.o) (fiprintf)
/opt/st/stm32cubeide_2.0.0/plugins/com.st.stm32cube.ide.mcu.externaltools.gnu-tools-for-stm32.13.3.rel1.linux64_1.0.100.202509120712/tools/bin/../lib/gcc/arm-none-eabi/13.3.1/../../../../arm-none-eabi/lib/thumb/v7e-m+dp/hard/libc_nano.a(libc_a-fwalk.o)
                              /opt/st/stm32cubeide_2.0.0/plugins/com.st.stm32cube.ide.mcu.externaltools.gnu-tools-for-stm32.13.3.rel1.linux64_1.0.100.202509120712/tools/bin/../lib/gcc/arm-none-eabi/13.3.1/../../../../arm-none-eabi/lib/thumb/v7e-m+dp/hard/libc_nano.a(libc_a-findfp.o) (_fwalk_sglue)
/opt/st/stm32cubeide_2.0.0/plugins/com.st.stm32cube.ide.mcu.externaltools.gnu-tools-for-stm32.13.3.rel1.linux64_1.0.100.202509120712/tools/bin/../lib/gcc/arm-none-eabi/13.3.1/../../../../arm-none-eabi/lib/thumb/v7e-m+dp/hard/libc_nano.a(libc_a-stdio.o)
                              /opt/st/stm32cubeide_2.0.0/plugins/com.st.stm32cube.ide.mcu.externaltools.gnu-tools-for-stm32.13.3.rel1.linux64_1.0.100.202509120712/tools/bin/../lib/gcc/arm-none-eabi/13.3.1/../../../../arm-none-eabi/lib/thumb/v7e-m+dp/hard/libc_nano.a(libc_a-findfp.o) (__sread)
/opt/st/stm32cubeide_2.0.0/plugins/com.st.stm32cube.ide.mcu.externaltools.gnu-tools-for-stm32.13.3.rel1.linux64_1.0.100.202509120712/tools/bin/../lib/gcc/arm-none-eabi/13.3.1/../../../../arm-none-eabi/lib/thumb/v7e-m+dp/hard/libc_nano.a(libc_a-memcmp.o)
                              ./my_drivers/LVGL/src/font/lv_font_loader.o (memcmp)
[...]
Memory Configuration

Name             Origin             Length             Attributes
FLASH            0x08000000         0x00020000         xr
QSPI             0x90000000         0x00800000         xr
DTCMRAM          0x20000000         0x00020000         xrw
RAM_D1           0x24000000         0x00080000         xrw
RAM_D2           0x30000000         0x00048000         xrw
RAM_D3           0x38000000         0x00010000         xrw
ITCMRAM          0x00000000         0x00010000         xrw
SDRAM            0xc0000000         0x02000000         xrw
*default*        0x00000000         0xffffffff

Linker script and memory map

LOAD /opt/st/stm32cubeide_2.0.0/plugins/com.st.stm32cube.ide.mcu.externaltools.gnu-tools-for-stm32.13.3.rel1.linux64_1.0.100.202509120712/tools/bin/../lib/gcc/arm-none-eabi/13.3.1/thumb/v7e-m+dp/hard/crti.o
LOAD /opt/st/stm32cubeide_2.0.0/plugins/com.st.stm32cube.ide.mcu.externaltools.gnu-tools-for-stm32.13.3.rel1.linux64_1.0.100.202509120712/tools/bin/../lib/gcc/arm-none-eabi/13.3.1/thumb/v7e-m+dp/hard/crtbegin.o
LOAD /opt/st/stm32cubeide_2.0.0/plugins/com.st.stm32cube.ide.mcu.externaltools.gnu-tools-for-stm32.13.3.rel1.linux64_1.0.100.202509120712/tools/bin/../lib/gcc/arm-none-eabi/13.3.1/../../../../arm-none-eabi/lib/thumb/v7e-m+dp/hard/crt0.o
LOAD ./Core/Src/freertos_heap.o
LOAD ./Core/Src/gpio.o
LOAD ./Core/Src/main.o
LOAD ./Core/Src/stm32h7xx_hal_msp.o
LOAD ./Core/Src/stm32h7xx_it.o
LOAD ./Core/Src/syscalls.o
LOAD ./Core/Src/sysmem.o
LOAD ./Core/Src/system_stm32h7xx.o
LOAD ./Core/Src/usart.o
LOAD ./Core/Startup/startup_stm32h750xbhx.o
LOAD ./Drivers/STM32H7xx_HAL_Driver/Src/stm32h7xx_hal.o
LOAD ./Drivers/STM32H7xx_HAL_Driver/Src/stm32h7xx_hal_cortex.o
LOAD ./Drivers/STM32H7xx_HAL_Driver/Src/stm32h7xx_hal_dma.o
LOAD ./Drivers/STM32H7xx_HAL_Driver/Src/stm32h7xx_hal_dma2d.o
LOAD ./Drivers/STM32H7xx_HAL_Driver/Src/stm32h7xx_hal_dma_ex.o
LOAD ./Drivers/STM32H7xx_HAL_Driver/Src/stm32h7xx_hal_flash.o
LOAD ./Drivers/STM32H7xx_HAL_Driver/Src/stm32h7xx_hal_flash_ex.o
LOAD ./Drivers/STM32H7xx_HAL_Driver/Src/stm32h7xx_hal_gpio.o
LOAD ./Drivers/STM32H7xx_HAL_Driver/Src/stm32h7xx_hal_ltdc.o
LOAD ./Drivers/STM32H7xx_HAL_Driver/Src/stm32h7xx_hal_ltdc_ex.o
LOAD ./Drivers/STM32H7xx_HAL_Driver/Src/stm32h7xx_hal_mdma.o
LOAD ./Drivers/STM32H7xx_HAL_Driver/Src/stm32h7xx_hal_pwr.o
LOAD ./Drivers/STM32H7xx_HAL_Driver/Src/stm32h7xx_hal_pwr_ex.o
LOAD ./Drivers/STM32H7xx_HAL_Driver/Src/stm32h7xx_hal_rcc.o
LOAD ./Drivers/STM32H7xx_HAL_Driver/Src/stm32h7xx_hal_rcc_ex.o
LOAD ./Drivers/STM32H7xx_HAL_Driver/Src/stm32h7xx_hal_sdram.o
LOAD ./Drivers/STM32H7xx_HAL_Driver/Src/stm32h7xx_hal_tim.o
LOAD ./Drivers/STM32H7xx_HAL_Driver/Src/stm32h7xx_hal_tim_ex.o
LOAD ./Drivers/STM32H7xx_HAL_Driver/Src/stm32h7xx_hal_uart.o
LOAD ./Drivers/STM32H7xx_HAL_Driver/Src/stm32h7xx_hal_uart_ex.o
LOAD ./Drivers/STM32H7xx_HAL_Driver/Src/stm32h7xx_hal_usart.o
LOAD ./Drivers/STM32H7xx_HAL_Driver/Src/stm32h7xx_hal_usart_ex.o
LOAD ./Drivers/STM32H7xx_HAL_Driver/Src/stm32h7xx_ll_fmc.o
LOAD ./FreeRtos/croutine.o
LOAD ./FreeRtos/event_groups.o
LOAD ./FreeRtos/list.o
LOAD ./FreeRtos/queue.o
LOAD ./FreeRtos/stream_buffer.o
LOAD ./FreeRtos/tasks.o
LOAD ./FreeRtos/timers.o
LOAD ./FreeRtos/portable/heap_4.o
LOAD ./FreeRtos/portable/port.o
LOAD ./SCSLib/HLS.o
LOAD ./SCSLib/SCS.o
LOAD ./SCSLib/SCSCL.o
LOAD ./SCSLib/SCSerail.o
LOAD ./SCSLib/SMS_STS.o
LOAD ./my_drivers/LVGL/demos/benchmark/assets/img_benchmark_cogwheel_alpha16.o
LOAD ./my_drivers/LVGL/demos/benchmark/assets/img_benchmark_cogwheel_argb.o
LOAD ./my_drivers/LVGL/demos/benchmark/assets/img_benchmark_cogwheel_chroma_keyed.o
LOAD ./my_drivers/LVGL/demos/benchmark/assets/img_benchmark_cogwheel_indexed16.o
LOAD ./my_drivers/LVGL/demos/benchmark/assets/img_benchmark_cogwheel_rgb.o
LOAD ./my_drivers/LVGL/demos/benchmark/assets/img_benchmark_cogwheel_rgb565a8.o
LOAD ./my_drivers/LVGL/demos/benchmark/assets/lv_font_bechmark_montserrat_12_compr_az.c.o
LOAD ./my_drivers/LVGL/demos/benchmark/assets/lv_font_bechmark_montserrat_16_compr_az.c.o
LOAD ./my_drivers/LVGL/demos/benchmark/assets/lv_font_bechmark_montserrat_28_compr_az.c.o
LOAD ./my_drivers/LVGL/demos/benchmark/lv_demo_benchmark.o
LOAD ./my_drivers/LVGL/demos/keypad_encoder/lv_demo_keypad_encoder.o
LOAD ./my_drivers/LVGL/demos/music/assets/img_lv_demo_music_btn_corner_large.o
LOAD ./my_drivers/LVGL/demos/music/assets/img_lv_demo_music_btn_list_pause.o
LOAD ./my_drivers/LVGL/demos/music/assets/img_lv_demo_music_btn_list_pause_large.o
LOAD ./my_drivers/LVGL/demos/music/assets/img_lv_demo_music_btn_list_play.o
LOAD ./my_drivers/LVGL/demos/music/assets/img_lv_demo_music_btn_list_play_large.o
LOAD ./my_drivers/LVGL/demos/music/assets/img_lv_demo_music_btn_loop.o
LOAD ./my_drivers/LVGL/demos/music/assets/img_lv_demo_music_btn_loop_large.o
LOAD ./my_drivers/LVGL/demos/music/assets/img_lv_demo_music_btn_next.o
LOAD ./my_drivers/LVGL/demos/music/assets/img_lv_demo_music_btn_next_large.o
LOAD ./my_drivers/LVGL/demos/music/assets/img_lv_demo_music_btn_pause.o
LOAD ./my_drivers/LVGL/demos/music/assets/img_lv_demo_music_btn_pause_large.o
LOAD ./my_drivers/LVGL/demos/music/assets/img_lv_demo_music_btn_play.o
LOAD ./my_drivers/LVGL/demos/music/assets/img_lv_demo_music_btn_play_large.o
LOAD ./my_drivers/LVGL/demos/music/assets/img_lv_demo_music_btn_prev.o
LOAD ./my_drivers/LVGL/demos/music/assets/img_lv_demo_music_btn_prev_large.o
LOAD ./my_drivers/LVGL/demos/music/assets/img_lv_demo_music_btn_rnd.o
LOAD ./my_drivers/LVGL/demos/music/assets/img_lv_demo_music_btn_rnd_large.o
LOAD ./my_drivers/LVGL/demos/music/assets/img_lv_demo_music_corner_left.o
LOAD ./my_drivers/LVGL/demos/music/assets/img_lv_demo_music_corner_left_large.o
LOAD ./my_drivers/LVGL/demos/music/assets/img_lv_demo_music_corner_right.o
LOAD ./my_drivers/LVGL/demos/music/assets/img_lv_demo_music_corner_right_large.o
LOAD ./my_drivers/LVGL/demos/music/assets/img_lv_demo_music_cover_1.o
LOAD ./my_drivers/LVGL/demos/music/assets/img_lv_demo_music_cover_1_large.o
LOAD ./my_drivers/LVGL/demos/music/assets/img_lv_demo_music_cover_2.o
LOAD ./my_drivers/LVGL/demos/music/assets/img_lv_demo_music_cover_2_large.o
LOAD ./my_drivers/LVGL/demos/music/assets/img_lv_demo_music_cover_3.o
LOAD ./my_drivers/LVGL/demos/music/assets/img_lv_demo_music_cover_3_large.o
LOAD ./my_drivers/LVGL/demos/music/assets/img_lv_demo_music_icon_1.o
LOAD ./my_drivers/LVGL/demos/music/assets/img_lv_demo_music_icon_1_large.o
LOAD ./my_drivers/LVGL/demos/music/assets/img_lv_demo_music_icon_2.o
LOAD ./my_drivers/LVGL/demos/music/assets/img_lv_demo_music_icon_2_large.o
LOAD ./my_drivers/LVGL/demos/music/assets/img_lv_demo_music_icon_3.o
LOAD ./my_drivers/LVGL/demos/music/assets/img_lv_demo_music_icon_3_large.o
LOAD ./my_drivers/LVGL/demos/music/assets/img_lv_demo_music_icon_4.o
LOAD ./my_drivers/LVGL/demos/music/assets/img_lv_demo_music_icon_4_large.o
LOAD ./my_drivers/LVGL/demos/music/assets/img_lv_demo_music_list_border.o
LOAD ./my_drivers/LVGL/demos/music/assets/img_lv_demo_music_list_border_large.o
LOAD ./my_drivers/LVGL/demos/music/assets/img_lv_demo_music_logo.o
LOAD ./my_drivers/LVGL/demos/music/assets/img_lv_demo_music_slider_knob.o
LOAD ./my_drivers/LVGL/demos/music/assets/img_lv_demo_music_slider_knob_large.o
LOAD ./my_drivers/LVGL/demos/music/assets/img_lv_demo_music_wave_bottom.o
LOAD ./my_drivers/LVGL/demos/music/assets/img_lv_demo_music_wave_bottom_large.o
LOAD ./my_drivers/LVGL/demos/music/assets/img_lv_demo_music_wave_top.o
LOAD ./my_drivers/LVGL/demos/music/assets/img_lv_demo_music_wave_top_large.o
LOAD ./my_drivers/LVGL/demos/music/lv_demo_music.o
LOAD ./my_drivers/LVGL/demos/music/lv_demo_music_list.o
LOAD ./my_drivers/LVGL/demos/music/lv_demo_music_main.o
LOAD ./my_drivers/LVGL/demos/stress/lv_demo_stress.o
LOAD ./my_drivers/LVGL/demos/widgets/assets/img_clothes.o
LOAD ./my_drivers/LVGL/demos/widgets/assets/img_demo_widgets_avatar.o
LOAD ./my_drivers/LVGL/demos/widgets/assets/img_lvgl_logo.o
LOAD ./my_drivers/LVGL/demos/widgets/lv_demo_widgets.o
LOAD ./my_drivers/LVGL/examples/porting/lv_port_disp_template.o
LOAD ./my_drivers/LVGL/examples/porting/lv_port_fs_template.o
LOAD ./my_drivers/LVGL/examples/porting/lv_port_indev_template.o
LOAD ./my_drivers/LVGL/src/core/lv_disp.o
LOAD ./my_drivers/LVGL/src/core/lv_event.o
LOAD ./my_drivers/LVGL/src/core/lv_group.o
LOAD ./my_drivers/LVGL/src/core/lv_indev.o
LOAD ./my_drivers/LVGL/src/core/lv_indev_scroll.o
LOAD ./my_drivers/LVGL/src/core/lv_obj.o
LOAD ./my_drivers/LVGL/src/core/lv_obj_class.o
LOAD ./my_drivers/LVGL/src/core/lv_obj_draw.o
LOAD ./my_drivers/LVGL/src/core/lv_obj_pos.o
LOAD ./my_drivers/LVGL/src/core/lv_obj_scroll.o
LOAD ./my_drivers/LVGL/src/core/lv_obj_style.o
LOAD ./my_drivers/LVGL/src/core/lv_obj_style_gen.o
LOAD ./my_drivers/LVGL/src/core/lv_obj_tree.o
LOAD ./my_drivers/LVGL/src/core/lv_refr.o
LOAD ./my_drivers/LVGL/src/core/lv_theme.o
LOAD ./my_drivers/LVGL/src/draw/arm2d/lv_gpu_arm2d.o
LOAD ./my_drivers/LVGL/src/draw/lv_draw.o
LOAD ./my_drivers/LVGL/src/draw/lv_draw_arc.o
LOAD ./my_drivers/LVGL/src/draw/lv_draw_img.o
LOAD ./my_drivers/LVGL/src/draw/lv_draw_label.o
LOAD ./my_drivers/LVGL/src/draw/lv_draw_layer.o
LOAD ./my_drivers/LVGL/src/draw/lv_draw_line.o
LOAD ./my_drivers/LVGL/src/draw/lv_draw_mask.o
LOAD ./my_drivers/LVGL/src/draw/lv_draw_rect.o
LOAD ./my_drivers/LVGL/src/draw/lv_draw_transform.o
LOAD ./my_drivers/LVGL/src/draw/lv_draw_triangle.o
LOAD ./my_drivers/LVGL/src/draw/lv_img_buf.o
LOAD ./my_drivers/LVGL/src/draw/lv_img_cache.o
LOAD ./my_drivers/LVGL/src/draw/lv_img_decoder.o
LOAD ./my_drivers/LVGL/src/draw/nxp/lv_gpu_nxp.o
LOAD ./my_drivers/LVGL/src/draw/nxp/pxp/lv_draw_pxp_blend.o
LOAD ./my_drivers/LVGL/src/draw/nxp/pxp/lv_gpu_nxp_pxp.o
LOAD ./my_drivers/LVGL/src/draw/nxp/pxp/lv_gpu_nxp_pxp_osa.o
LOAD ./my_drivers/LVGL/src/draw/nxp/vglite/lv_draw_vglite_arc.o
LOAD ./my_drivers/LVGL/src/draw/nxp/vglite/lv_draw_vglite_blend.o
LOAD ./my_drivers/LVGL/src/draw/nxp/vglite/lv_draw_vglite_rect.o
LOAD ./my_drivers/LVGL/src/draw/nxp/vglite/lv_gpu_nxp_vglite.o
LOAD ./my_drivers/LVGL/src/draw/sdl/lv_draw_sdl.o
LOAD ./my_drivers/LVGL/src/draw/sdl/lv_draw_sdl_arc.o
LOAD ./my_drivers/LVGL/src/draw/sdl/lv_draw_sdl_bg.o
LOAD ./my_drivers/LVGL/src/draw/sdl/lv_draw_sdl_composite.o
LOAD ./my_drivers/LVGL/src/draw/sdl/lv_draw_sdl_img.o
LOAD ./my_drivers/LVGL/src/draw/sdl/lv_draw_sdl_label.o
LOAD ./my_drivers/LVGL/src/draw/sdl/lv_draw_sdl_layer.o
LOAD ./my_drivers/LVGL/src/draw/sdl/lv_draw_sdl_line.o
LOAD ./my_drivers/LVGL/src/draw/sdl/lv_draw_sdl_mask.o
LOAD ./my_drivers/LVGL/src/draw/sdl/lv_draw_sdl_polygon.o
LOAD ./my_drivers/LVGL/src/draw/sdl/lv_draw_sdl_rect.o
LOAD ./my_drivers/LVGL/src/draw/sdl/lv_draw_sdl_stack_blur.o
LOAD ./my_drivers/LVGL/src/draw/sdl/lv_draw_sdl_texture_cache.o
LOAD ./my_drivers/LVGL/src/draw/sdl/lv_draw_sdl_utils.o
LOAD ./my_drivers/LVGL/src/draw/stm32_dma2d/lv_gpu_stm32_dma2d.o
LOAD ./my_drivers/LVGL/src/draw/sw/lv_draw_sw.o
LOAD ./my_drivers/LVGL/src/draw/sw/lv_draw_sw_arc.o
LOAD ./my_drivers/LVGL/src/draw/sw/lv_draw_sw_blend.o
LOAD ./my_drivers/LVGL/src/draw/sw/lv_draw_sw_dither.o
LOAD ./my_drivers/LVGL/src/draw/sw/lv_draw_sw_gradient.o
LOAD ./my_drivers/LVGL/src/draw/sw/lv_draw_sw_img.o
LOAD ./my_drivers/LVGL/src/draw/sw/lv_draw_sw_layer.o
LOAD ./my_drivers/LVGL/src/draw/sw/lv_draw_sw_letter.o
LOAD ./my_drivers/LVGL/src/draw/sw/lv_draw_sw_line.o
LOAD ./my_drivers/LVGL/src/draw/sw/lv_draw_sw_polygon.o
LOAD ./my_drivers/LVGL/src/draw/sw/lv_draw_sw_rect.o
LOAD ./my_drivers/LVGL/src/draw/sw/lv_draw_sw_transform.o
LOAD ./my_drivers/LVGL/src/draw/swm341_dma2d/lv_gpu_swm341_dma2d.o
LOAD ./my_drivers/LVGL/src/extra/layouts/flex/lv_flex.o
LOAD ./my_drivers/LVGL/src/extra/layouts/grid/lv_grid.o
LOAD ./my_drivers/LVGL/src/extra/libs/bmp/lv_bmp.o
LOAD ./my_drivers/LVGL/src/extra/libs/ffmpeg/lv_ffmpeg.o
LOAD ./my_drivers/LVGL/src/extra/libs/freetype/lv_freetype.o
LOAD ./my_drivers/LVGL/src/extra/libs/fsdrv/lv_fs_fatfs.o
LOAD ./my_drivers/LVGL/src/extra/libs/fsdrv/lv_fs_posix.o
LOAD ./my_drivers/LVGL/src/extra/libs/fsdrv/lv_fs_stdio.o
LOAD ./my_drivers/LVGL/src/extra/libs/fsdrv/lv_fs_win32.o
LOAD ./my_drivers/LVGL/src/extra/libs/gif/gifdec.o
LOAD ./my_drivers/LVGL/src/extra/libs/gif/lv_gif.o
LOAD ./my_drivers/LVGL/src/extra/libs/png/lodepng.o
LOAD ./my_drivers/LVGL/src/extra/libs/png/lv_png.o
LOAD ./my_drivers/LVGL/src/extra/libs/qrcode/lv_qrcode.o
LOAD ./my_drivers/LVGL/src/extra/libs/qrcode/qrcodegen.o
LOAD ./my_drivers/LVGL/src/extra/libs/rlottie/lv_rlottie.o
LOAD ./my_drivers/LVGL/src/extra/libs/sjpg/lv_sjpg.o
LOAD ./my_drivers/LVGL/src/extra/libs/sjpg/tjpgd.o
LOAD ./my_drivers/LVGL/src/extra/lv_extra.o
LOAD ./my_drivers/LVGL/src/extra/others/fragment/lv_fragment.o
LOAD ./my_drivers/LVGL/src/extra/others/fragment/lv_fragment_manager.o
LOAD ./my_drivers/LVGL/src/extra/others/gridnav/lv_gridnav.o
LOAD ./my_drivers/LVGL/src/extra/others/ime/lv_ime_pinyin.o
LOAD ./my_drivers/LVGL/src/extra/others/imgfont/lv_imgfont.o
LOAD ./my_drivers/LVGL/src/extra/others/monkey/lv_monkey.o
LOAD ./my_drivers/LVGL/src/extra/others/msg/lv_msg.o
LOAD ./my_drivers/LVGL/src/extra/others/snapshot/lv_snapshot.o
LOAD ./my_drivers/LVGL/src/extra/themes/basic/lv_theme_basic.o
LOAD ./my_drivers/LVGL/src/extra/themes/default/lv_theme_default.o
LOAD ./my_drivers/LVGL/src/extra/themes/mono/lv_theme_mono.o
LOAD ./my_drivers/LVGL/src/extra/widgets/animimg/lv_animimg.o
LOAD ./my_drivers/LVGL/src/extra/widgets/calendar/lv_calendar.o
LOAD ./my_drivers/LVGL/src/extra/widgets/calendar/lv_calendar_header_arrow.o
LOAD ./my_drivers/LVGL/src/extra/widgets/calendar/lv_calendar_header_dropdown.o
LOAD ./my_drivers/LVGL/src/extra/widgets/chart/lv_chart.o
LOAD ./my_drivers/LVGL/src/extra/widgets/colorwheel/lv_colorwheel.o
LOAD ./my_drivers/LVGL/src/extra/widgets/imgbtn/lv_imgbtn.o
LOAD ./my_drivers/LVGL/src/extra/widgets/keyboard/lv_keyboard.o
LOAD ./my_drivers/LVGL/src/extra/widgets/led/lv_led.o
LOAD ./my_drivers/LVGL/src/extra/widgets/list/lv_list.o
LOAD ./my_drivers/LVGL/src/extra/widgets/menu/lv_menu.o
LOAD ./my_drivers/LVGL/src/extra/widgets/meter/lv_meter.o
LOAD ./my_drivers/LVGL/src/extra/widgets/msgbox/lv_msgbox.o
LOAD ./my_drivers/LVGL/src/extra/widgets/span/lv_span.o
LOAD ./my_drivers/LVGL/src/extra/widgets/spinbox/lv_spinbox.o
LOAD ./my_drivers/LVGL/src/extra/widgets/spinner/lv_spinner.o
LOAD ./my_drivers/LVGL/src/extra/widgets/tabview/lv_tabview.o
LOAD ./my_drivers/LVGL/src/extra/widgets/tileview/lv_tileview.o
LOAD ./my_drivers/LVGL/src/extra/widgets/win/lv_win.o
LOAD ./my_drivers/LVGL/src/font/lv_font.o
LOAD ./my_drivers/LVGL/src/font/lv_font_dejavu_16_persian_hebrew.o
LOAD ./my_drivers/LVGL/src/font/lv_font_fmt_txt.o
LOAD ./my_drivers/LVGL/src/font/lv_font_loader.o
LOAD ./my_drivers/LVGL/src/font/lv_font_montserrat_10.o
LOAD ./my_drivers/LVGL/src/font/lv_font_montserrat_12.o
LOAD ./my_drivers/LVGL/src/font/lv_font_montserrat_12_subpx.o
LOAD ./my_drivers/LVGL/src/font/lv_font_montserrat_14.o
LOAD ./my_drivers/LVGL/src/font/lv_font_montserrat_16.o
LOAD ./my_drivers/LVGL/src/font/lv_font_montserrat_18.o
LOAD ./my_drivers/LVGL/src/font/lv_font_montserrat_20.o
LOAD ./my_drivers/LVGL/src/font/lv_font_montserrat_22.o
LOAD ./my_drivers/LVGL/src/font/lv_font_montserrat_24.o
LOAD ./my_drivers/LVGL/src/font/lv_font_montserrat_26.o
LOAD ./my_drivers/LVGL/src/font/lv_font_montserrat_28.o
LOAD ./my_drivers/LVGL/src/font/lv_font_montserrat_28_compressed.o
LOAD ./my_drivers/LVGL/src/font/lv_font_montserrat_30.o
LOAD ./my_drivers/LVGL/src/font/lv_font_montserrat_32.o
LOAD ./my_drivers/LVGL/src/font/lv_font_montserrat_34.o
LOAD ./my_drivers/LVGL/src/font/lv_font_montserrat_36.o
LOAD ./my_drivers/LVGL/src/font/lv_font_montserrat_38.o
LOAD ./my_drivers/LVGL/src/font/lv_font_montserrat_40.o
LOAD ./my_drivers/LVGL/src/font/lv_font_montserrat_42.o
LOAD ./my_drivers/LVGL/src/font/lv_font_montserrat_44.o
LOAD ./my_drivers/LVGL/src/font/lv_font_montserrat_46.o
LOAD ./my_drivers/LVGL/src/font/lv_font_montserrat_48.o
LOAD ./my_drivers/LVGL/src/font/lv_font_montserrat_8.o
LOAD ./my_drivers/LVGL/src/font/lv_font_simsun_16_cjk.o
LOAD ./my_drivers/LVGL/src/font/lv_font_unscii_16.o
LOAD ./my_drivers/LVGL/src/font/lv_font_unscii_8.o
LOAD ./my_drivers/LVGL/src/hal/lv_hal_disp.o
LOAD ./my_drivers/LVGL/src/hal/lv_hal_indev.o
LOAD ./my_drivers/LVGL/src/hal/lv_hal_tick.o
LOAD ./my_drivers/LVGL/src/misc/lv_anim.o
LOAD ./my_drivers/LVGL/src/misc/lv_anim_timeline.o
LOAD ./my_drivers/LVGL/src/misc/lv_area.o
LOAD ./my_drivers/LVGL/src/misc/lv_async.o
LOAD ./my_drivers/LVGL/src/misc/lv_bidi.o
LOAD ./my_drivers/LVGL/src/misc/lv_color.o
LOAD ./my_drivers/LVGL/src/misc/lv_fs.o
LOAD ./my_drivers/LVGL/src/misc/lv_gc.o
LOAD ./my_drivers/LVGL/src/misc/lv_ll.o
LOAD ./my_drivers/LVGL/src/misc/lv_log.o
LOAD ./my_drivers/LVGL/src/misc/lv_lru.o
LOAD ./my_drivers/LVGL/src/misc/lv_math.o
LOAD ./my_drivers/LVGL/src/misc/lv_mem.o
LOAD ./my_drivers/LVGL/src/misc/lv_printf.o
LOAD ./my_drivers/LVGL/src/misc/lv_style.o
LOAD ./my_drivers/LVGL/src/misc/lv_style_gen.o
LOAD ./my_drivers/LVGL/src/misc/lv_templ.o
LOAD ./my_drivers/LVGL/src/misc/lv_timer.o
LOAD ./my_drivers/LVGL/src/misc/lv_tlsf.o
LOAD ./my_drivers/LVGL/src/misc/lv_txt.o
LOAD ./my_drivers/LVGL/src/misc/lv_txt_ap.o
LOAD ./my_drivers/LVGL/src/misc/lv_utils.o
LOAD ./my_drivers/LVGL/src/widgets/lv_arc.o
LOAD ./my_drivers/LVGL/src/widgets/lv_bar.o
LOAD ./my_drivers/LVGL/src/widgets/lv_btn.o
LOAD ./my_drivers/LVGL/src/widgets/lv_btnmatrix.o
LOAD ./my_drivers/LVGL/src/widgets/lv_canvas.o
LOAD ./my_drivers/LVGL/src/widgets/lv_checkbox.o
LOAD ./my_drivers/LVGL/src/widgets/lv_dropdown.o
LOAD ./my_drivers/LVGL/src/widgets/lv_img.o
LOAD ./my_drivers/LVGL/src/widgets/lv_label.o
LOAD ./my_drivers/LVGL/src/widgets/lv_line.o
LOAD ./my_drivers/LVGL/src/widgets/lv_objx_templ.o
LOAD ./my_drivers/LVGL/src/widgets/lv_roller.o
LOAD ./my_drivers/LVGL/src/widgets/lv_slider.o
LOAD ./my_drivers/LVGL/src/widgets/lv_switch.o
LOAD ./my_drivers/LVGL/src/widgets/lv_table.o
LOAD ./my_drivers/LVGL/src/widgets/lv_textarea.o
LOAD ./my_drivers/User/Src/lcd_rgb.o
LOAD ./my_drivers/User/Src/sdram.o
LOAD ./my_drivers/User/Src/touch_800x480.o
LOAD ./my_drivers/User/Src/touch_iic.o
START GROUP
LOAD /opt/st/stm32cubeide_2.0.0/plugins/com.st.stm32cube.ide.mcu.externaltools.gnu-tools-for-stm32.13.3.rel1.linux64_1.0.100.202509120712/tools/bin/../lib/gcc/arm-none-eabi/13.3.1/../../../../arm-none-eabi/lib/thumb/v7e-m+dp/hard/libc_nano.a
LOAD /opt/st/stm32cubeide_2.0.0/plugins/com.st.stm32cube.ide.mcu.externaltools.gnu-tools-for-stm32.13.3.rel1.linux64_1.0.100.202509120712/tools/bin/../lib/gcc/arm-none-eabi/13.3.1/../../../../arm-none-eabi/lib/thumb/v7e-m+dp/hard/libm.a
END GROUP
START GROUP
LOAD /opt/st/stm32cubeide_2.0.0/plugins/com.st.stm32cube.ide.mcu.externaltools.gnu-tools-for-stm32.13.3.rel1.linux64_1.0.100.202509120712/tools/bin/../lib/gcc/arm-none-eabi/13.3.1/thumb/v7e-m+dp/hard/libgcc.a
LOAD /opt/st/stm32cubeide_2.0.0/plugins/com.st.stm32cube.ide.mcu.externaltools.gnu-tools-for-stm32.13.3.rel1.linux64_1.0.100.202509120712/tools/bin/../lib/gcc/arm-none-eabi/13.3.1/../../../../arm-none-eabi/lib/thumb/v7e-m+dp/hard/libc_nano.a
END GROUP
START GROUP
LOAD /opt/st/stm32cubeide_2.0.0/plugins/com.st.stm32cube.ide.mcu.externaltools.gnu-tools-for-stm32.13.3.rel1.linux64_1.0.100.202509120712/tools/bin/../lib/gcc/arm-none-eabi/13.3.1/thumb/v7e-m+dp/hard/libgcc.a
LOAD /opt/st/stm32cubeide_2.0.0/plugins/com.st.stm32cube.ide.mcu.externaltools.gnu-tools-for-stm32.13.3.rel1.linux64_1.0.100.202509120712/tools/bin/../lib/gcc/arm-none-eabi/13.3.1/../../../../arm-none-eabi/lib/thumb/v7e-m+dp/hard/libc_nano.a
LOAD /opt/st/stm32cubeide_2.0.0/plugins/com.st.stm32cube.ide.mcu.externaltools.gnu-tools-for-stm32.13.3.rel1.linux64_1.0.100.202509120712/tools/bin/../lib/gcc/arm-none-eabi/13.3.1/../../../../arm-none-eabi/lib/thumb/v7e-m+dp/hard/libnosys.a
END GROUP
START GROUP
LOAD /opt/st/stm32cubeide_2.0.0/plugins/com.st.stm32cube.ide.mcu.externaltools.gnu-tools-for-stm32.13.3.rel1.linux64_1.0.100.202509120712/tools/bin/../lib/gcc/arm-none-eabi/13.3.1/thumb/v7e-m+dp/hard/libgcc.a
LOAD /opt/st/stm32cubeide_2.0.0/plugins/com.st.stm32cube.ide.mcu.externaltools.gnu-tools-for-stm32.13.3.rel1.linux64_1.0.100.202509120712/tools/bin/../lib/gcc/arm-none-eabi/13.3.1/../../../../arm-none-eabi/lib/thumb/v7e-m+dp/hard/libc_nano.a
LOAD /opt/st/stm32cubeide_2.0.0/plugins/com.st.stm32cube.ide.mcu.externaltools.gnu-tools-for-stm32.13.3.rel1.linux64_1.0.100.202509120712/tools/bin/../lib/gcc/arm-none-eabi/13.3.1/../../../../arm-none-eabi/lib/thumb/v7e-m+dp/hard/libnosys.a
END GROUP
LOAD /opt/st/stm32cubeide_2.0.0/plugins/com.st.stm32cube.ide.mcu.externaltools.gnu-tools-for-stm32.13.3.rel1.linux64_1.0.100.202509120712/tools/bin/../lib/gcc/arm-none-eabi/13.3.1/thumb/v7e-m+dp/hard/crtend.o
LOAD /opt/st/stm32cubeide_2.0.0/plugins/com.st.stm32cube.ide.mcu.externaltools.gnu-tools-for-stm32.13.3.rel1.linux64_1.0.100.202509120712/tools/bin/../lib/gcc/arm-none-eabi/13.3.1/thumb/v7e-m+dp/hard/crtn.o
                0x24080000                        _estack = (ORIGIN (RAM_D1) + LENGTH (RAM_D1))
                0x00000200                        _Min_Heap_Size = 0x200
                0x00000400                        _Min_Stack_Size = 0x400

.isr_vector     0x90000000      0x298
                0x90000000                        . = ALIGN (0x4)
 *(.isr_vector)
 .isr_vector    0x90000000      0x298 ./Core/Startup/startup_stm32h750xbhx.o
                0x90000000                g_pfnVectors
                0x90000298                        . = ALIGN (0x4)

.text           0x900002a0    0x500dc
                0x900002a0                        . = ALIGN (0x4)
 *(.text)
 .text          0x900002a0       0x40 /opt/st/stm32cubeide_2.0.0/plugins/com.st.stm32cube.ide.mcu.externaltools.gnu-tools-for-stm32.13.3.rel1.linux64_1.0.100.202509120712/tools/bin/../lib/gcc/arm-none-eabi/13.3.1/thumb/v7e-m+dp/hard/crtbegin.o
 .text          0x900002e0       0x14 /opt/st/stm32cubeide_2.0.0/plugins/com.st.stm32cube.ide.mcu.externaltools.gnu-tools-for-stm32.13.3.rel1.linux64_1.0.100.202509120712/tools/bin/../lib/gcc/arm-none-eabi/13.3.1/../../../../arm-none-eabi/lib/thumb/v7e-m+dp/hard/libc_nano.a(libc_a-strcmp.o)
                0x900002e0                strcmp
 .text          0x900002f4       0x10 /opt/st/stm32cubeide_2.0.0/plugins/com.st.stm32cube.ide.mcu.externaltools.gnu-tools-for-stm32.13.3.rel1.linux64_1.0.100.202509120712/tools/bin/../lib/gcc/arm-none-eabi/13.3.1/../../../../arm-none-eabi/lib/thumb/v7e-m+dp/hard/libc_nano.a(libc_a-strlen.o)
                0x900002f4                strlen
 .text          0x90000304       0x30 /opt/st/stm32cubeide_2.0.0/plugins/com.st.stm32cube.ide.mcu.externaltools.gnu-tools-for-stm32.13.3.rel1.linux64_1.0.100.202509120712/tools/bin/../lib/gcc/arm-none-eabi/13.3.1/thumb/v7e-m+dp/hard/libgcc.a(_aeabi_uldivmod.o)
                0x90000304                __aeabi_uldivmod
 .text          0x90000334      0x2f8 /opt/st/stm32cubeide_2.0.0/plugins/com.st.stm32cube.ide.mcu.externaltools.gnu-tools-for-stm32.13.3.rel1.linux64_1.0.100.202509120712/tools/bin/../lib/gcc/arm-none-eabi/13.3.1/thumb/v7e-m+dp/hard/libgcc.a(_udivmoddi4.o)
                0x90000334                __udivmoddi4
 .text          0x9000062c        0x4 /opt/st/stm32cubeide_2.0.0/plugins/com.st.stm32cube.ide.mcu.externaltools.gnu-tools-for-stm32.13.3.rel1.linux64_1.0.100.202509120712/tools/bin/../lib/gcc/arm-none-eabi/13.3.1/thumb/v7e-m+dp/hard/libgcc.a(_dvmd_tls.o)
                0x9000062c                __aeabi_ldiv0
                0x9000062c                __aeabi_idiv0
 *(.text*)
 .text.MX_GPIO_Init
                0x90000630       0x6c ./Core/Src/gpio.o
                0x90000630                MX_GPIO_Init
 .text.__NVIC_SystemReset
                0x9000069c       0x2c ./Core/Src/main.o
 .text.task_servo
                0x900006c8       0x64 ./Core/Src/main.o
 .text.diag_blink
                0x9000072c       0x54 ./Core/Src/main.o
 .text.ftUart_Send
                0x90000780       0x54 ./Core/Src/main.o
                0x90000780                ftUart_Send
 .text.ftUart_Read
                0x900007d4       0x40 ./Core/Src/main.o
                0x900007d4                ftUart_Read
 .text.ftBus_Delay
                0x90000814       0x3c ./Core/Src/main.o
                0x90000814                ftBus_Delay
 .text.main     0x90000850      0x1cc ./Core/Src/main.o
                0x90000850                main
 .text.SystemClock_Config
                0x90000a1c      0x15c ./Core/Src/main.o
                0x90000a1c                SystemClock_Config
 .text.MPU_Config
                0x90000b78       0x5a ./Core/Src/main.o
 *fill*         0x90000bd2        0x2 
 .text.Error_Handler
                0x90000bd4       0x44 ./Core/Src/main.o
                0x90000bd4                Error_Handler
 .text.vApplicationStackOverflowHook
                0x90000c18       0x12 ./Core/Src/main.o
                0x90000c18                vApplicationStackOverflowHook
 *fill*         0x90000c2a        0x2 
 .text.HAL_MspInit
                0x90000c2c       0x34 ./Core/Src/stm32h7xx_hal_msp.o
                0x90000c2c                HAL_MspInit
 .text.NMI_Handler
                0x90000c60        0x8 ./Core/Src/stm32h7xx_it.o
                0x90000c60                NMI_Handler
 .text.HardFault_Handler
                0x90000c68        0x8 ./Core/Src/stm32h7xx_it.o
                0x90000c68                HardFault_Handler
 .text.MemManage_Handler
                0x90000c70        0x8 ./Core/Src/stm32h7xx_it.o
                0x90000c70                MemManage_Handler
 .text.BusFault_Handler
                0x90000c78        0x8 ./Core/Src/stm32h7xx_it.o
                0x90000c78                BusFault_Handler
 .text.UsageFault_Handler
                0x90000c80        0x8 ./Core/Src/stm32h7xx_it.o
                0x90000c80                UsageFault_Handler
 .text.DebugMon_Handler
                0x90000c88        0xe ./Core/Src/stm32h7xx_it.o
                0x90000c88                DebugMon_Handler
 .text.SysTick_Handler
                0x90000c96       0x1a ./Core/Src/stm32h7xx_it.o
                0x90000c96                SysTick_Handler
 .text.LTDC_IRQHandler
                0x90000cb0       0x14 ./Core/Src/stm32h7xx_it.o
                0x90000cb0                LTDC_IRQHandler
 .text.LTDC_ER_IRQHandler
                0x90000cc4       0x14 ./Core/Src/stm32h7xx_it.o
                0x90000cc4                LTDC_ER_IRQHandler
 .text.SystemInit
                0x90000cd8      0x148 ./Core/Src/system_stm32h7xx.o
                0x90000cd8                SystemInit
 .text.ExitRun0Mode
                0x90000e20       0x30 ./Core/Src/system_stm32h7xx.o
                0x90000e20                ExitRun0Mode
 .text.MX_USART1_UART_Init
                0x90000e50       0x78 ./Core/Src/usart.o
                0x90000e50                MX_USART1_UART_Init
 .text.HAL_UART_MspInit
                0x90000ec8       0x94 ./Core/Src/usart.o
                0x90000ec8                HAL_UART_MspInit
 .text.Reset_Handler
                0x90000f5c       0x54 ./Core/Startup/startup_stm32h750xbhx.o
                0x90000f5c                Reset_Handler
 .text.Default_Handler
                0x90000fb0        0x2 ./Core/Startup/startup_stm32h750xbhx.o
                0x90000fb0                RTC_Alarm_IRQHandler
                0x90000fb0                HASH_RNG_IRQHandler
                0x90000fb0                EXTI2_IRQHandler
                0x90000fb0                TIM8_CC_IRQHandler
                0x90000fb0                HRTIM1_Master_IRQHandler
                0x90000fb0                UART8_IRQHandler
                0x90000fb0                SPI4_IRQHandler
                0x90000fb0                TIM1_CC_IRQHandler
                0x90000fb0                BDMA_Channel6_IRQHandler
                0x90000fb0                DMA2_Stream5_IRQHandler
                0x90000fb0                HRTIM1_FLT_IRQHandler
                0x90000fb0                JPEG_IRQHandler
                0x90000fb0                DMA1_Stream5_IRQHandler
                0x90000fb0                BDMA_Channel1_IRQHandler
                0x90000fb0                HRTIM1_TIMD_IRQHandler
                0x90000fb0                TAMP_STAMP_IRQHandler
                0x90000fb0                EXTI3_IRQHandler
                0x90000fb0                LPTIM4_IRQHandler
                0x90000fb0                TIM8_TRG_COM_TIM14_IRQHandler
                0x90000fb0                LPTIM2_IRQHandler
                0x90000fb0                DFSDM1_FLT1_IRQHandler
                0x90000fb0                DMAMUX2_OVR_IRQHandler
                0x90000fb0                TIM8_UP_TIM13_IRQHandler
                0x90000fb0                I2C3_ER_IRQHandler
                0x90000fb0                DFSDM1_FLT2_IRQHandler
                0x90000fb0                MDMA_IRQHandler
                0x90000fb0                LPTIM3_IRQHandler
                0x90000fb0                HSEM1_IRQHandler
                0x90000fb0                EXTI0_IRQHandler
                0x90000fb0                I2C2_EV_IRQHandler
                0x90000fb0                DMA1_Stream2_IRQHandler
                0x90000fb0                FPU_IRQHandler
                0x90000fb0                OTG_HS_WKUP_IRQHandler
                0x90000fb0                FDCAN1_IT1_IRQHandler
                0x90000fb0                DMA2_Stream2_IRQHandler
                0x90000fb0                HRTIM1_TIME_IRQHandler
                0x90000fb0                SPI1_IRQHandler
                0x90000fb0                TIM6_DAC_IRQHandler
                0x90000fb0                DCMI_IRQHandler
                0x90000fb0                HRTIM1_TIMC_IRQHandler
                0x90000fb0                DMA2_Stream3_IRQHandler
                0x90000fb0                SAI2_IRQHandler
                0x90000fb0                DFSDM1_FLT3_IRQHandler
                0x90000fb0                USART6_IRQHandler
                0x90000fb0                TIM17_IRQHandler
                0x90000fb0                USART3_IRQHandler
                0x90000fb0                BDMA_Channel7_IRQHandler
                0x90000fb0                CRYP_IRQHandler
                0x90000fb0                LPTIM5_IRQHandler
                0x90000fb0                UART5_IRQHandler
                0x90000fb0                ADC3_IRQHandler
                0x90000fb0                DMA2_Stream0_IRQHandler
                0x90000fb0                TIM4_IRQHandler
                0x90000fb0                BDMA_Channel2_IRQHandler
                0x90000fb0                QUADSPI_IRQHandler
                0x90000fb0                I2C1_EV_IRQHandler
                0x90000fb0                DMA1_Stream6_IRQHandler
                0x90000fb0                DMAMUX1_OVR_IRQHandler
                0x90000fb0                DMA1_Stream1_IRQHandler
                0x90000fb0                TIM16_IRQHandler
                0x90000fb0                UART4_IRQHandler
                0x90000fb0                BDMA_Channel5_IRQHandler
                0x90000fb0                TIM3_IRQHandler
                0x90000fb0                RCC_IRQHandler
                0x90000fb0                TIM8_BRK_TIM12_IRQHandler
                0x90000fb0                TIM1_TRG_COM_IRQHandler
                0x90000fb0                Default_Handler
                0x90000fb0                ECC_IRQHandler
                0x90000fb0                CEC_IRQHandler
                0x90000fb0                EXTI15_10_IRQHandler
                0x90000fb0                BDMA_Channel0_IRQHandler
                0x90000fb0                ADC_IRQHandler
                0x90000fb0                DMA1_Stream7_IRQHandler
                0x90000fb0                HRTIM1_TIMA_IRQHandler
                0x90000fb0                SPI5_IRQHandler
                0x90000fb0                TIM7_IRQHandler
                0x90000fb0                SDMMC1_IRQHandler
                0x90000fb0                TIM5_IRQHandler
                0x90000fb0                DMA2_Stream7_IRQHandler
                0x90000fb0                TIM15_IRQHandler
                0x90000fb0                PVD_AVD_IRQHandler
                0x90000fb0                I2C3_EV_IRQHandler
                0x90000fb0                EXTI9_5_IRQHandler
                0x90000fb0                RTC_WKUP_IRQHandler
                0x90000fb0                SAI3_IRQHandler
                0x90000fb0                ETH_WKUP_IRQHandler
                0x90000fb0                SPDIF_RX_IRQHandler
                0x90000fb0                SPI2_IRQHandler
                0x90000fb0                OTG_HS_EP1_IN_IRQHandler
                0x90000fb0                DMA1_Stream0_IRQHandler
                0x90000fb0                CRS_IRQHandler
                0x90000fb0                EXTI4_IRQHandler
                0x90000fb0                HRTIM1_TIMB_IRQHandler
                0x90000fb0                FDCAN2_IT1_IRQHandler
                0x90000fb0                ETH_IRQHandler
                0x90000fb0                TIM1_UP_IRQHandler
                0x90000fb0                BDMA_Channel4_IRQHandler
                0x90000fb0                OTG_HS_EP1_OUT_IRQHandler
                0x90000fb0                WWDG_IRQHandler
                0x90000fb0                SPI6_IRQHandler
                0x90000fb0                MDIOS_IRQHandler
                0x90000fb0                I2C4_EV_IRQHandler
                0x90000fb0                FDCAN2_IT0_IRQHandler
                0x90000fb0                LPUART1_IRQHandler
                0x90000fb0                FDCAN1_IT0_IRQHandler
                0x90000fb0                TIM2_IRQHandler
                0x90000fb0                OTG_FS_WKUP_IRQHandler
                0x90000fb0                OTG_HS_IRQHandler
                0x90000fb0                DMA2D_IRQHandler
                0x90000fb0                TIM1_BRK_IRQHandler
                0x90000fb0                EXTI1_IRQHandler
                0x90000fb0                SDMMC2_IRQHandler
                0x90000fb0                OTG_FS_EP1_OUT_IRQHandler
                0x90000fb0                BDMA_Channel3_IRQHandler
                0x90000fb0                UART7_IRQHandler
                0x90000fb0                MDIOS_WKUP_IRQHandler
                0x90000fb0                USART2_IRQHandler
                0x90000fb0                DFSDM1_FLT0_IRQHandler
                0x90000fb0                SAI4_IRQHandler
                0x90000fb0                I2C2_ER_IRQHandler
                0x90000fb0                DMA2_Stream1_IRQHandler
                0x90000fb0                FLASH_IRQHandler
                0x90000fb0                DMA2_Stream4_IRQHandler
                0x90000fb0                USART1_IRQHandler
                0x90000fb0                OTG_FS_IRQHandler
                0x90000fb0                SPI3_IRQHandler
                0x90000fb0                WAKEUP_PIN_IRQHandler
                0x90000fb0                DMA1_Stream4_IRQHandler
                0x90000fb0                OTG_FS_EP1_IN_IRQHandler
                0x90000fb0                I2C1_ER_IRQHandler
                0x90000fb0                FMC_IRQHandler
                0x90000fb0                FDCAN_CAL_IRQHandler
                0x90000fb0                SWPMI1_IRQHandler
                0x90000fb0                COMP1_IRQHandler
                0x90000fb0                LPTIM1_IRQHandler
                0x90000fb0                I2C4_ER_IRQHandler
                0x90000fb0                DMA2_Stream6_IRQHandler
                0x90000fb0                SAI1_IRQHandler
                0x90000fb0                DMA1_Stream3_IRQHandler
 *fill*         0x90000fb2        0x2 
 .text.HAL_Init
                0x90000fb4       0x78 ./Drivers/STM32H7xx_HAL_Driver/Src/stm32h7xx_hal.o
                0x90000fb4                HAL_Init
 .text.HAL_InitTick
                0x9000102c       0x6c ./Drivers/STM32H7xx_HAL_Driver/Src/stm32h7xx_hal.o
                0x9000102c                HAL_InitTick
 .text.HAL_IncTick
                0x90001098       0x28 ./Drivers/STM32H7xx_HAL_Driver/Src/stm32h7xx_hal.o
                0x90001098                HAL_IncTick
 .text.HAL_GetTick
                0x900010c0       0x18 ./Drivers/STM32H7xx_HAL_Driver/Src/stm32h7xx_hal.o
                0x900010c0                HAL_GetTick
 .text.HAL_Delay
                0x900010d8       0x48 ./Drivers/STM32H7xx_HAL_Driver/Src/stm32h7xx_hal.o
                0x900010d8                HAL_Delay
 .text.HAL_GetREVID
                0x90001120       0x18 ./Drivers/STM32H7xx_HAL_Driver/Src/stm32h7xx_hal.o
                0x90001120                HAL_GetREVID
 .text.__NVIC_SetPriorityGrouping
                0x90001138       0x48 ./Drivers/STM32H7xx_HAL_Driver/Src/stm32h7xx_hal_cortex.o
 .text.__NVIC_GetPriorityGrouping
                0x90001180       0x1c ./Drivers/STM32H7xx_HAL_Driver/Src/stm32h7xx_hal_cortex.o
 .text.__NVIC_EnableIRQ
                0x9000119c       0x3c ./Drivers/STM32H7xx_HAL_Driver/Src/stm32h7xx_hal_cortex.o
 .text.__NVIC_SetPriority
                0x900011d8       0x54 ./Drivers/STM32H7xx_HAL_Driver/Src/stm32h7xx_hal_cortex.o
 .text.NVIC_EncodePriority
                0x9000122c       0x66 ./Drivers/STM32H7xx_HAL_Driver/Src/stm32h7xx_hal_cortex.o
 *fill*         0x90001292        0x2 
 .text.SysTick_Config
                0x90001294       0x44 ./Drivers/STM32H7xx_HAL_Driver/Src/stm32h7xx_hal_cortex.o
 .text.HAL_NVIC_SetPriorityGrouping
                0x900012d8       0x16 ./Drivers/STM32H7xx_HAL_Driver/Src/stm32h7xx_hal_cortex.o
                0x900012d8                HAL_NVIC_SetPriorityGrouping
 .text.HAL_NVIC_SetPriority
                0x900012ee       0x34 ./Drivers/STM32H7xx_HAL_Driver/Src/stm32h7xx_hal_cortex.o
                0x900012ee                HAL_NVIC_SetPriority
 .text.HAL_NVIC_EnableIRQ
                0x90001322       0x1c ./Drivers/STM32H7xx_HAL_Driver/Src/stm32h7xx_hal_cortex.o
                0x90001322                HAL_NVIC_EnableIRQ
 .text.HAL_SYSTICK_Config
                0x9000133e       0x18 ./Drivers/STM32H7xx_HAL_Driver/Src/stm32h7xx_hal_cortex.o
                0x9000133e                HAL_SYSTICK_Config
 *fill*         0x90001356        0x2 
 .text.HAL_MPU_Disable
                0x90001358       0x30 ./Drivers/STM32H7xx_HAL_Driver/Src/stm32h7xx_hal_cortex.o
                0x90001358                HAL_MPU_Disable
 .text.HAL_MPU_Enable
                0x90001388       0x40 ./Drivers/STM32H7xx_HAL_Driver/Src/stm32h7xx_hal_cortex.o
                0x90001388                HAL_MPU_Enable
 .text.HAL_MPU_ConfigRegion
                0x900013c8       0x80 ./Drivers/STM32H7xx_HAL_Driver/Src/stm32h7xx_hal_cortex.o
                0x900013c8                HAL_MPU_ConfigRegion
 .text.HAL_GPIO_Init
                0x90001448      0x360 ./Drivers/STM32H7xx_HAL_Driver/Src/stm32h7xx_hal_gpio.o
                0x90001448                HAL_GPIO_Init
 .text.HAL_GPIO_ReadPin
                0x900017a8       0x30 ./Drivers/STM32H7xx_HAL_Driver/Src/stm32h7xx_hal_gpio.o
                0x900017a8                HAL_GPIO_ReadPin
 .text.HAL_GPIO_WritePin
                0x900017d8       0x32 ./Drivers/STM32H7xx_HAL_Driver/Src/stm32h7xx_hal_gpio.o
                0x900017d8                HAL_GPIO_WritePin
 .text.HAL_GPIO_TogglePin
                0x9000180a       0x34 ./Drivers/STM32H7xx_HAL_Driver/Src/stm32h7xx_hal_gpio.o
                0x9000180a                HAL_GPIO_TogglePin
 .text.HAL_LTDC_Init
                0x9000183e      0x13a ./Drivers/STM32H7xx_HAL_Driver/Src/stm32h7xx_hal_ltdc.o
                0x9000183e                HAL_LTDC_Init
 .text.HAL_LTDC_IRQHandler
                0x90001978      0x148 ./Drivers/STM32H7xx_HAL_Driver/Src/stm32h7xx_hal_ltdc.o
                0x90001978                HAL_LTDC_IRQHandler
 .text.HAL_LTDC_ErrorCallback
                0x90001ac0       0x14 ./Drivers/STM32H7xx_HAL_Driver/Src/stm32h7xx_hal_ltdc.o
                0x90001ac0                HAL_LTDC_ErrorCallback
 .text.HAL_LTDC_ReloadEventCallback
                0x90001ad4       0x14 ./Drivers/STM32H7xx_HAL_Driver/Src/stm32h7xx_hal_ltdc.o
                0x90001ad4                HAL_LTDC_ReloadEventCallback
 .text.HAL_LTDC_ConfigLayer
                0x90001ae8       0x7c ./Drivers/STM32H7xx_HAL_Driver/Src/stm32h7xx_hal_ltdc.o
                0x90001ae8                HAL_LTDC_ConfigLayer
 .text.HAL_LTDC_ProgramLineEvent
                0x90001b64       0x70 ./Drivers/STM32H7xx_HAL_Driver/Src/stm32h7xx_hal_ltdc.o
                0x90001b64                HAL_LTDC_ProgramLineEvent
 .text.LTDC_SetConfig
                0x90001bd4      0x2ec ./Drivers/STM32H7xx_HAL_Driver/Src/stm32h7xx_hal_ltdc.o
 .text.HAL_PWREx_ConfigSupply
                0x90001ec0       0x74 ./Drivers/STM32H7xx_HAL_Driver/Src/stm32h7xx_hal_pwr_ex.o
                0x90001ec0                HAL_PWREx_ConfigSupply
 .text.HAL_RCC_OscConfig
                0x90001f34      0x8b4 ./Drivers/STM32H7xx_HAL_Driver/Src/stm32h7xx_hal_rcc.o
                0x90001f34                HAL_RCC_OscConfig
 .text.HAL_RCC_ClockConfig
                0x900027e8      0x36c ./Drivers/STM32H7xx_HAL_Driver/Src/stm32h7xx_hal_rcc.o
                0x900027e8                HAL_RCC_ClockConfig
 .text.HAL_RCC_GetSysClockFreq
                0x90002b54      0x2f4 ./Drivers/STM32H7xx_HAL_Driver/Src/stm32h7xx_hal_rcc.o
                0x90002b54                HAL_RCC_GetSysClockFreq
 .text.HAL_RCC_GetHCLKFreq
                0x90002e48       0x60 ./Drivers/STM32H7xx_HAL_Driver/Src/stm32h7xx_hal_rcc.o
                0x90002e48                HAL_RCC_GetHCLKFreq
 .text.HAL_RCC_GetPCLK1Freq
                0x90002ea8       0x2c ./Drivers/STM32H7xx_HAL_Driver/Src/stm32h7xx_hal_rcc.o
                0x90002ea8                HAL_RCC_GetPCLK1Freq
 .text.HAL_RCC_GetPCLK2Freq
                0x90002ed4       0x2c ./Drivers/STM32H7xx_HAL_Driver/Src/stm32h7xx_hal_rcc.o
                0x90002ed4                HAL_RCC_GetPCLK2Freq
 .text.HAL_RCCEx_PeriphCLKConfig
                0x90002f00     0x1414 ./Drivers/STM32H7xx_HAL_Driver/Src/stm32h7xx_hal_rcc_ex.o
                0x90002f00                HAL_RCCEx_PeriphCLKConfig
 .text.HAL_RCCEx_GetD3PCLK1Freq
                0x90004314       0x2c ./Drivers/STM32H7xx_HAL_Driver/Src/stm32h7xx_hal_rcc_ex.o
                0x90004314                HAL_RCCEx_GetD3PCLK1Freq
 .text.HAL_RCCEx_GetPLL2ClockFreq
                0x90004340      0x2a8 ./Drivers/STM32H7xx_HAL_Driver/Src/stm32h7xx_hal_rcc_ex.o
                0x90004340                HAL_RCCEx_GetPLL2ClockFreq
 .text.HAL_RCCEx_GetPLL3ClockFreq
                0x900045e8      0x2a8 ./Drivers/STM32H7xx_HAL_Driver/Src/stm32h7xx_hal_rcc_ex.o
                0x900045e8                HAL_RCCEx_GetPLL3ClockFreq
 .text.RCCEx_PLL2_Config
                0x90004890      0x164 ./Drivers/STM32H7xx_HAL_Driver/Src/stm32h7xx_hal_rcc_ex.o
 .text.RCCEx_PLL3_Config
                0x900049f4      0x164 ./Drivers/STM32H7xx_HAL_Driver/Src/stm32h7xx_hal_rcc_ex.o
 .text.HAL_SDRAM_Init
                0x90004b58       0x78 ./Drivers/STM32H7xx_HAL_Driver/Src/stm32h7xx_hal_sdram.o
                0x90004b58                HAL_SDRAM_Init
 .text.HAL_SDRAM_SendCommand
                0x90004bd0       0x6a ./Drivers/STM32H7xx_HAL_Driver/Src/stm32h7xx_hal_sdram.o
                0x90004bd0                HAL_SDRAM_SendCommand
 .text.HAL_SDRAM_ProgramRefreshRate
                0x90004c3a       0x50 ./Drivers/STM32H7xx_HAL_Driver/Src/stm32h7xx_hal_sdram.o
                0x90004c3a                HAL_SDRAM_ProgramRefreshRate
 .text.HAL_UART_Init
                0x90004c8a       0xa0 ./Drivers/STM32H7xx_HAL_Driver/Src/stm32h7xx_hal_uart.o
                0x90004c8a                HAL_UART_Init
 .text.HAL_UART_Transmit
                0x90004d2a      0x11c ./Drivers/STM32H7xx_HAL_Driver/Src/stm32h7xx_hal_uart.o
                0x90004d2a                HAL_UART_Transmit
 .text.HAL_UART_Receive
                0x90004e46      0x190 ./Drivers/STM32H7xx_HAL_Driver/Src/stm32h7xx_hal_uart.o
                0x90004e46                HAL_UART_Receive
 *fill*         0x90004fd6        0x2 
 .text.UART_SetConfig
                0x90004fd8      0xad0 ./Drivers/STM32H7xx_HAL_Driver/Src/stm32h7xx_hal_uart.o
                0x90004fd8                UART_SetConfig
 .text.UART_AdvFeatureConfig
                0x90005aa8      0x144 ./Drivers/STM32H7xx_HAL_Driver/Src/stm32h7xx_hal_uart.o
                0x90005aa8                UART_AdvFeatureConfig
 .text.UART_CheckIdleState
                0x90005bec      0x154 ./Drivers/STM32H7xx_HAL_Driver/Src/stm32h7xx_hal_uart.o
                0x90005bec                UART_CheckIdleState
 .text.UART_WaitOnFlagUntilTimeout
                0x90005d40       0xda ./Drivers/STM32H7xx_HAL_Driver/Src/stm32h7xx_hal_uart.o
                0x90005d40                UART_WaitOnFlagUntilTimeout
 *fill*         0x90005e1a        0x2 
 .text.UART_EndRxTransfer
                0x90005e1c       0xcc ./Drivers/STM32H7xx_HAL_Driver/Src/stm32h7xx_hal_uart.o
 .text.HAL_UARTEx_DisableFifoMode
                0x90005ee8       0x72 ./Drivers/STM32H7xx_HAL_Driver/Src/stm32h7xx_hal_uart_ex.o
                0x90005ee8                HAL_UARTEx_DisableFifoMode
 *fill*         0x90005f5a        0x2 
 .text.FMC_SDRAM_Init
                0x90005f5c       0xb8 ./Drivers/STM32H7xx_HAL_Driver/Src/stm32h7xx_ll_fmc.o
                0x90005f5c                FMC_SDRAM_Init
 .text.FMC_SDRAM_Timing_Init
                0x90006014       0xd4 ./Drivers/STM32H7xx_HAL_Driver/Src/stm32h7xx_ll_fmc.o
                0x90006014                FMC_SDRAM_Timing_Init
 .text.FMC_SDRAM_SendCommand
                0x900060e8       0x48 ./Drivers/STM32H7xx_HAL_Driver/Src/stm32h7xx_ll_fmc.o
                0x900060e8                FMC_SDRAM_SendCommand
 .text.FMC_SDRAM_ProgramRefreshRate
                0x90006130       0x30 ./Drivers/STM32H7xx_HAL_Driver/Src/stm32h7xx_ll_fmc.o
                0x90006130                FMC_SDRAM_ProgramRefreshRate
 .text.vListInitialise
                0x90006160       0x40 ./FreeRtos/list.o
                0x90006160                vListInitialise
 .text.vListInitialiseItem
                0x900061a0       0x1a ./FreeRtos/list.o
                0x900061a0                vListInitialiseItem
 .text.vListInsert
                0x900061ba       0x72 ./FreeRtos/list.o
                0x900061ba                vListInsert
 .text.uxListRemove
                0x9000622c       0x54 ./FreeRtos/list.o
                0x9000622c                uxListRemove
 .text.xQueueGenericReset
                0x90006280      0x12c ./FreeRtos/queue.o
                0x90006280                xQueueGenericReset
 .text.xQueueGenericCreateStatic
                0x900063ac       0xce ./FreeRtos/queue.o
                0x900063ac                xQueueGenericCreateStatic
 .text.prvInitialiseNewQueue
                0x9000647a       0x3e ./FreeRtos/queue.o
 .text.xQueueReceive
                0x900064b8      0x1d0 ./FreeRtos/queue.o
                0x900064b8                xQueueReceive
 .text.prvCopyDataFromQueue
                0x90006688       0x4c ./FreeRtos/queue.o
 .text.prvUnlockQueue
                0x900066d4       0xa4 ./FreeRtos/queue.o
 .text.prvIsQueueEmpty
                0x90006778       0x2c ./FreeRtos/queue.o
 .text.vQueueWaitForMessageRestricted
                0x900067a4       0x68 ./FreeRtos/queue.o
                0x900067a4                vQueueWaitForMessageRestricted
 .text.prvCreateStaticTask
                0x9000680c       0xce ./FreeRtos/tasks.o
 .text.xTaskCreateStatic
                0x900068da       0x48 ./FreeRtos/tasks.o
                0x900068da                xTaskCreateStatic
 .text.prvCreateTask
                0x90006922       0x80 ./FreeRtos/tasks.o
 .text.xTaskCreate
                0x900069a2       0x46 ./FreeRtos/tasks.o
                0x900069a2                xTaskCreate
 .text.prvInitialiseNewTask
                0x900069e8      0x128 ./FreeRtos/tasks.o
 .text.prvAddNewTaskToReadyList
                0x90006b10      0x12c ./FreeRtos/tasks.o
 .text.vTaskDelay
                0x90006c3c       0x70 ./FreeRtos/tasks.o
                0x90006c3c                vTaskDelay
 .text.prvCreateIdleTasks
                0x90006cac       0xd0 ./FreeRtos/tasks.o
 .text.vTaskStartScheduler
                0x90006d7c       0x90 ./FreeRtos/tasks.o
                0x90006d7c                vTaskStartScheduler
 .text.vTaskSuspendAll
                0x90006e0c       0x1c ./FreeRtos/tasks.o
                0x90006e0c                vTaskSuspendAll
 .text.xTaskResumeAll
                0x90006e28      0x218 ./FreeRtos/tasks.o
                0x90006e28                xTaskResumeAll
 .text.xTaskGetTickCount
                0x90007040       0x20 ./FreeRtos/tasks.o
                0x90007040                xTaskGetTickCount
 .text.xTaskIncrementTick
                0x90007060      0x21c ./FreeRtos/tasks.o
                0x90007060                xTaskIncrementTick
 .text.vTaskSwitchContext
                0x9000727c      0x110 ./FreeRtos/tasks.o
                0x9000727c                vTaskSwitchContext
 .text.vTaskPlaceOnEventList
                0x9000738c       0x50 ./FreeRtos/tasks.o
                0x9000738c                vTaskPlaceOnEventList
 .text.vTaskPlaceOnEventListRestricted
                0x900073dc       0x90 ./FreeRtos/tasks.o
                0x900073dc                vTaskPlaceOnEventListRestricted
 .text.xTaskRemoveFromEventList
                0x9000746c      0x1b8 ./FreeRtos/tasks.o
                0x9000746c                xTaskRemoveFromEventList
 .text.vTaskInternalSetTimeOutState
                0x90007624       0x2c ./FreeRtos/tasks.o
                0x90007624                vTaskInternalSetTimeOutState
 .text.xTaskCheckForTimeOut
                0x90007650       0xd8 ./FreeRtos/tasks.o
                0x90007650                xTaskCheckForTimeOut
 .text.vTaskMissedYield
                0x90007728       0x18 ./FreeRtos/tasks.o
                0x90007728                vTaskMissedYield
 .text.prvIdleTask
                0x90007740       0x30 ./FreeRtos/tasks.o
 .text.prvInitialiseTaskLists
                0x90007770       0x80 ./FreeRtos/tasks.o
 .text.prvCheckTasksWaitingTermination
                0x900077f0       0x5c ./FreeRtos/tasks.o
 .text.prvDeleteTCB
                0x9000784c       0x64 ./FreeRtos/tasks.o
 .text.prvResetNextTaskUnblockTime
                0x900078b0       0x38 ./FreeRtos/tasks.o
 .text.xTaskGetSchedulerState
                0x900078e8       0x3c ./FreeRtos/tasks.o
                0x900078e8                xTaskGetSchedulerState
 .text.prvAddCurrentTaskToDelayedList
                0x90007924       0xe0 ./FreeRtos/tasks.o
 .text.vApplicationGetIdleTaskMemory
                0x90007a04       0x34 ./FreeRtos/tasks.o
                0x90007a04                vApplicationGetIdleTaskMemory
 .text.vApplicationGetTimerTaskMemory
                0x90007a38       0x34 ./FreeRtos/tasks.o
                0x90007a38                vApplicationGetTimerTaskMemory
 .text.xTimerCreateTimerTask
                0x90007a6c       0x98 ./FreeRtos/timers.o
                0x90007a6c                xTimerCreateTimerTask
 .text.prvReloadTimer
                0x90007b04       0x42 ./FreeRtos/timers.o
 *fill*         0x90007b46        0x2 
 .text.prvProcessExpiredTimer
                0x90007b48       0x60 ./FreeRtos/timers.o
 .text.prvTimerTask
                0x90007ba8       0x26 ./FreeRtos/timers.o
 *fill*         0x90007bce        0x2 
 .text.prvProcessTimerOrBlockTask
                0x90007bd0       0x9c ./FreeRtos/timers.o
 .text.prvGetNextExpireTime
                0x90007c6c       0x48 ./FreeRtos/timers.o
 .text.prvSampleTimeNow
                0x90007cb4       0x40 ./FreeRtos/timers.o
 .text.prvInsertTimerInActiveList
                0x90007cf4       0x84 ./FreeRtos/timers.o
 .text.prvProcessReceivedCommands
                0x90007d78      0x194 ./FreeRtos/timers.o
 .text.prvSwitchTimerLists
                0x90007f0c       0x4c ./FreeRtos/timers.o
 .text.prvCheckForValidListAndQueue
                0x90007f58       0x68 ./FreeRtos/timers.o
 .text.pvPortMalloc
                0x90007fc0      0x27c ./FreeRtos/portable/heap_4.o
                0x90007fc0                pvPortMalloc
 .text.vPortFree
                0x9000823c      0x118 ./FreeRtos/portable/heap_4.o
                0x9000823c                vPortFree
 .text.prvHeapInit
                0x90008354       0xb4 ./FreeRtos/portable/heap_4.o
 .text.prvInsertBlockIntoFreeList
                0x90008408       0xf8 ./FreeRtos/portable/heap_4.o
 .text.pxPortInitialiseStack
                0x90008500       0x68 ./FreeRtos/portable/port.o
                0x90008500                pxPortInitialiseStack
 .text.prvTaskExitError
                0x90008568       0x64 ./FreeRtos/portable/port.o
 *fill*         0x900085cc        0x4 
 .text.SVC_Handler
                0x900085d0       0x28 ./FreeRtos/portable/port.o
                0x900085d0                SVC_Handler
 .text.prvPortStartFirstTask
                0x900085f8       0x2c ./FreeRtos/portable/port.o
 .text.xPortStartScheduler
                0x90008624      0x1a0 ./FreeRtos/portable/port.o
                0x90008624                xPortStartScheduler
 .text.vPortEnterCritical
                0x900087c4       0x6c ./FreeRtos/portable/port.o
                0x900087c4                vPortEnterCritical
 .text.vPortExitCritical
                0x90008830       0x58 ./FreeRtos/portable/port.o
                0x90008830                vPortExitCritical
 *fill*         0x90008888        0x8 
 .text.PendSV_Handler
                0x90008890       0x68 ./FreeRtos/portable/port.o
                0x90008890                PendSV_Handler
 .text.xPortSysTickHandler
                0x900088f8       0x48 ./FreeRtos/portable/port.o
                0x900088f8                xPortSysTickHandler
 .text.vPortSetupTimerInterrupt
                0x90008940       0x38 ./FreeRtos/portable/port.o
                0x90008940                vPortSetupTimerInterrupt
 .text.vPortEnableVFP
                0x90008978       0x18 ./FreeRtos/portable/port.o
 .text.setEnd   0x90008990       0x20 ./SCSLib/SCS.o
                0x90008990                setEnd
 .text.setLevel
                0x900089b0       0x20 ./SCSLib/SCS.o
                0x900089b0                setLevel
 .text.Host2SCS
                0x900089d0       0x4c ./SCSLib/SCS.o
                0x900089d0                Host2SCS
 .text.writeBuf
                0x90008a1c       0xd0 ./SCSLib/SCS.o
                0x90008a1c                writeBuf
 .text.genWrite
                0x90008aec       0x40 ./SCSLib/SCS.o
                0x90008aec                genWrite
 .text.writeByte
                0x90008b2c       0x3c ./SCSLib/SCS.o
                0x90008b2c                writeByte
 .text.checkHead
                0x90008b68       0x52 ./SCSLib/SCS.o
                0x90008b68                checkHead
 *fill*         0x90008bba        0x2 
 .text.Ack      0x90008bbc       0xb8 ./SCSLib/SCS.o
                0x90008bbc                Ack
 .text.WritePos
                0x90008c74       0x70 ./SCSLib/SCSCL.o
                0x90008c74                WritePos
 .text.EnableTorque
                0x90008ce4       0x26 ./SCSLib/SCSCL.o
                0x90008ce4                EnableTorque
 .text.readSCS  0x90008d0a       0x1c ./SCSLib/SCSerail.o
                0x90008d0a                readSCS
 *fill*         0x90008d26        0x2 
 .text.writeSCS
                0x90008d28       0x58 ./SCSLib/SCSerail.o
                0x90008d28                writeSCS
 .text.rFlushSCS
                0x90008d80        0xc ./SCSLib/SCSerail.o
                0x90008d80                rFlushSCS
 .text.wFlushSCS
                0x90008d8c       0x2c ./SCSLib/SCSerail.o
                0x90008d8c                wFlushSCS
 .text.lv_port_disp_init
                0x90008db8       0x80 ./my_drivers/LVGL/examples/porting/lv_port_disp_template.o
                0x90008db8                lv_port_disp_init
 .text.disp_init
                0x90008e38        0xc ./my_drivers/LVGL/examples/porting/lv_port_disp_template.o
 .text.disp_flush
                0x90008e44       0x24 ./my_drivers/LVGL/examples/porting/lv_port_disp_template.o
 .text.HAL_LTDC_LineEventCallback
                0x90008e68       0x28 ./my_drivers/LVGL/examples/porting/lv_port_disp_template.o
                0x90008e68                HAL_LTDC_LineEventCallback
 .text.lv_port_indev_init
                0x90008e90       0x38 ./my_drivers/LVGL/examples/porting/lv_port_indev_template.o
                0x90008e90                lv_port_indev_init
 .text.touchpad_init
                0x90008ec8        0xe ./my_drivers/LVGL/examples/porting/lv_port_indev_template.o
 *fill*         0x90008ed6        0x2 
 .text.touchpad_read
                0x90008ed8       0x50 ./my_drivers/LVGL/examples/porting/lv_port_indev_template.o
 .text.touchpad_is_pressed
                0x90008f28       0x24 ./my_drivers/LVGL/examples/porting/lv_port_indev_template.o
 .text.touchpad_get_xy
                0x90008f4c       0x34 ./my_drivers/LVGL/examples/porting/lv_port_indev_template.o
 .text.lv_disp_get_scr_act
                0x90008f80       0x2a ./my_drivers/LVGL/src/core/lv_disp.o
                0x90008f80                lv_disp_get_scr_act
 .text.lv_disp_get_scr_prev
                0x90008faa       0x2a ./my_drivers/LVGL/src/core/lv_disp.o
                0x90008faa                lv_disp_get_scr_prev
 .text.lv_disp_get_layer_top
                0x90008fd4       0x2a ./my_drivers/LVGL/src/core/lv_disp.o
                0x90008fd4                lv_disp_get_layer_top
 .text.lv_disp_get_layer_sys
                0x90008ffe       0x2a ./my_drivers/LVGL/src/core/lv_disp.o
                0x90008ffe                lv_disp_get_layer_sys
 .text.lv_disp_get_theme
                0x90009028       0x20 ./my_drivers/LVGL/src/core/lv_disp.o
                0x90009028                lv_disp_get_theme
 .text.lv_disp_is_invalidation_enabled
                0x90009048       0x36 ./my_drivers/LVGL/src/core/lv_disp.o
                0x90009048                lv_disp_is_invalidation_enabled
 *fill*         0x9000907e        0x2 
 .text.lv_event_send
                0x90009080       0x84 ./my_drivers/LVGL/src/core/lv_event.o
                0x90009080                lv_event_send
 .text.lv_obj_event_base
                0x90009104       0x7c ./my_drivers/LVGL/src/core/lv_event.o
                0x90009104                lv_obj_event_base
 .text.lv_event_get_target
                0x90009180       0x18 ./my_drivers/LVGL/src/core/lv_event.o
                0x90009180                lv_event_get_target
 .text.lv_event_get_current_target
                0x90009198       0x18 ./my_drivers/LVGL/src/core/lv_event.o
                0x90009198                lv_event_get_current_target
 .text.lv_event_get_code
                0x900091b0       0x1e ./my_drivers/LVGL/src/core/lv_event.o
                0x900091b0                lv_event_get_code
 .text.lv_event_get_param
                0x900091ce       0x18 ./my_drivers/LVGL/src/core/lv_event.o
                0x900091ce                lv_event_get_param
 .text.lv_event_get_user_data
                0x900091e6       0x18 ./my_drivers/LVGL/src/core/lv_event.o
                0x900091e6                lv_event_get_user_data
 *fill*         0x900091fe        0x2 
 .text._lv_event_mark_deleted
                0x90009200       0x4c ./my_drivers/LVGL/src/core/lv_event.o
                0x90009200                _lv_event_mark_deleted
 .text.lv_obj_add_event_cb
                0x9000924c      0x100 ./my_drivers/LVGL/src/core/lv_event.o
                0x9000924c                lv_obj_add_event_cb
 .text.lv_event_get_indev
                0x9000934c       0x9c ./my_drivers/LVGL/src/core/lv_event.o
                0x9000934c                lv_event_get_indev
 .text.lv_event_get_draw_ctx
                0x900093e8       0x4c ./my_drivers/LVGL/src/core/lv_event.o
                0x900093e8                lv_event_get_draw_ctx
 .text.lv_event_set_ext_draw_size
                0x90009434       0x3a ./my_drivers/LVGL/src/core/lv_event.o
                0x90009434                lv_event_set_ext_draw_size
 .text.lv_obj_get_event_dsc
                0x9000946e       0x4c ./my_drivers/LVGL/src/core/lv_event.o
 .text.event_send_core
                0x900094ba      0x1d4 ./my_drivers/LVGL/src/core/lv_event.o
 *fill*         0x9000968e        0x2 
 .text.event_is_bubbled
                0x90009690       0x88 ./my_drivers/LVGL/src/core/lv_event.o
 .text._lv_group_init
                0x90009718       0x14 ./my_drivers/LVGL/src/core/lv_group.o
                0x90009718                _lv_group_init
 .text.lv_group_get_default
                0x9000972c       0x18 ./my_drivers/LVGL/src/core/lv_group.o
                0x9000972c                lv_group_get_default
 .text.lv_group_add_obj
                0x90009744       0xc4 ./my_drivers/LVGL/src/core/lv_group.o
                0x90009744                lv_group_add_obj
 .text.lv_group_remove_obj
                0x90009808       0xf8 ./my_drivers/LVGL/src/core/lv_group.o
                0x90009808                lv_group_remove_obj
 .text.lv_group_focus_obj
                0x90009900      0x108 ./my_drivers/LVGL/src/core/lv_group.o
                0x90009900                lv_group_focus_obj
 .text.lv_group_focus_next
                0x90009a08       0x44 ./my_drivers/LVGL/src/core/lv_group.o
                0x90009a08                lv_group_focus_next
 .text.lv_group_focus_prev
                0x90009a4c       0x44 ./my_drivers/LVGL/src/core/lv_group.o
                0x90009a4c                lv_group_focus_prev
 .text.lv_group_send_data
                0x90009a90       0x44 ./my_drivers/LVGL/src/core/lv_group.o
                0x90009a90                lv_group_send_data
 .text.lv_group_set_editing
                0x90009ad4       0x82 ./my_drivers/LVGL/src/core/lv_group.o
                0x90009ad4                lv_group_set_editing
 .text.lv_group_get_focused
                0x90009b56       0x30 ./my_drivers/LVGL/src/core/lv_group.o
                0x90009b56                lv_group_get_focused
 .text.lv_group_get_editing
                0x90009b86       0x34 ./my_drivers/LVGL/src/core/lv_group.o
                0x90009b86                lv_group_get_editing
 .text.lv_group_get_obj_count
                0x90009bba       0x1a ./my_drivers/LVGL/src/core/lv_group.o
                0x90009bba                lv_group_get_obj_count
 .text.lv_group_refocus
                0x90009bd4       0x62 ./my_drivers/LVGL/src/core/lv_group.o
 .text.focus_next_core
                0x90009c36      0x1ac ./my_drivers/LVGL/src/core/lv_group.o
 .text.get_indev
                0x90009de2       0x78 ./my_drivers/LVGL/src/core/lv_group.o
 *fill*         0x90009e5a        0x2 
 .text.lv_indev_read_timer_cb
                0x90009e5c      0x164 ./my_drivers/LVGL/src/core/lv_indev.o
                0x90009e5c                lv_indev_read_timer_cb
 .text.lv_indev_get_act
                0x90009fc0       0x18 ./my_drivers/LVGL/src/core/lv_indev.o
                0x90009fc0                lv_indev_get_act
 .text.lv_indev_get_type
                0x90009fd8       0x24 ./my_drivers/LVGL/src/core/lv_indev.o
                0x90009fd8                lv_indev_get_type
 .text.lv_indev_reset
                0x90009ffc      0x110 ./my_drivers/LVGL/src/core/lv_indev.o
                0x90009ffc                lv_indev_reset
 .text.lv_indev_reset_long_press
                0x9000a10c       0x2e ./my_drivers/LVGL/src/core/lv_indev.o
                0x9000a10c                lv_indev_reset_long_press
 .text.lv_indev_get_point
                0x9000a13a       0x62 ./my_drivers/LVGL/src/core/lv_indev.o
                0x9000a13a                lv_indev_get_point
 .text.lv_indev_get_scroll_dir
                0x9000a19c       0x42 ./my_drivers/LVGL/src/core/lv_indev.o
                0x9000a19c                lv_indev_get_scroll_dir
 .text.lv_indev_get_scroll_obj
                0x9000a1de       0x3a ./my_drivers/LVGL/src/core/lv_indev.o
                0x9000a1de                lv_indev_get_scroll_obj
 .text.lv_indev_get_vect
                0x9000a218       0x52 ./my_drivers/LVGL/src/core/lv_indev.o
                0x9000a218                lv_indev_get_vect
 .text.lv_indev_wait_release
                0x9000a26a       0x26 ./my_drivers/LVGL/src/core/lv_indev.o
                0x9000a26a                lv_indev_wait_release
 .text.lv_indev_get_obj_act
                0x9000a290       0x18 ./my_drivers/LVGL/src/core/lv_indev.o
                0x9000a290                lv_indev_get_obj_act
 .text.lv_indev_search_obj
                0x9000a2a8       0xc6 ./my_drivers/LVGL/src/core/lv_indev.o
                0x9000a2a8                lv_indev_search_obj
 .text.indev_pointer_proc
                0x9000a36e      0x174 ./my_drivers/LVGL/src/core/lv_indev.o
 *fill*         0x9000a4e2        0x2 
 .text.indev_keypad_proc
                0x9000a4e4      0x440 ./my_drivers/LVGL/src/core/lv_indev.o
 .text.indev_encoder_proc
                0x9000a924      0x694 ./my_drivers/LVGL/src/core/lv_indev.o
 .text.indev_button_proc
                0x9000afb8       0xe0 ./my_drivers/LVGL/src/core/lv_indev.o
 .text.indev_proc_press
                0x9000b098      0x444 ./my_drivers/LVGL/src/core/lv_indev.o
 .text.indev_proc_release
                0x9000b4dc      0x118 ./my_drivers/LVGL/src/core/lv_indev.o
 .text.indev_proc_reset_query_handler
                0x9000b5f4       0x90 ./my_drivers/LVGL/src/core/lv_indev.o
 .text.indev_click_focus
                0x9000b684      0x194 ./my_drivers/LVGL/src/core/lv_indev.o
 .text.indev_gesture
                0x9000b818      0x1b0 ./my_drivers/LVGL/src/core/lv_indev.o
 .text.indev_reset_check
                0x9000b9c8       0x44 ./my_drivers/LVGL/src/core/lv_indev.o
 .text.lv_area_get_width
                0x9000ba0c       0x2e ./my_drivers/LVGL/src/core/lv_indev_scroll.o
 .text.lv_area_get_height
                0x9000ba3a       0x2e ./my_drivers/LVGL/src/core/lv_indev_scroll.o
 .text.lv_obj_get_style_pad_top
                0x9000ba68       0x24 ./my_drivers/LVGL/src/core/lv_indev_scroll.o
 .text.lv_obj_get_style_pad_bottom
                0x9000ba8c       0x24 ./my_drivers/LVGL/src/core/lv_indev_scroll.o
 .text.lv_obj_get_style_pad_left
                0x9000bab0       0x24 ./my_drivers/LVGL/src/core/lv_indev_scroll.o
 .text.lv_obj_get_style_pad_right
                0x9000bad4       0x24 ./my_drivers/LVGL/src/core/lv_indev_scroll.o
 .text._lv_indev_scroll_handler
                0x9000baf8      0x1da ./my_drivers/LVGL/src/core/lv_indev_scroll.o
                0x9000baf8                _lv_indev_scroll_handler
 *fill*         0x9000bcd2        0x2 
 .text._lv_indev_scroll_throw_handler
                0x9000bcd4      0x330 ./my_drivers/LVGL/src/core/lv_indev_scroll.o
                0x9000bcd4                _lv_indev_scroll_throw_handler
 .text.lv_indev_scroll_throw_predict
                0x9000c004       0x88 ./my_drivers/LVGL/src/core/lv_indev_scroll.o
                0x9000c004                lv_indev_scroll_throw_predict
 .text.find_scroll_obj
                0x9000c08c      0x31e ./my_drivers/LVGL/src/core/lv_indev_scroll.o
 *fill*         0x9000c3aa        0x2 
 .text.init_scroll_limits
                0x9000c3ac      0x284 ./my_drivers/LVGL/src/core/lv_indev_scroll.o
 .text.find_snap_point_x
                0x9000c630      0x1c8 ./my_drivers/LVGL/src/core/lv_indev_scroll.o
 .text.find_snap_point_y
                0x9000c7f8      0x1c8 ./my_drivers/LVGL/src/core/lv_indev_scroll.o
 .text.scroll_limit_diff
                0x9000c9c0       0xf4 ./my_drivers/LVGL/src/core/lv_indev_scroll.o
 .text.scroll_throw_predict_y
                0x9000cab4       0x64 ./my_drivers/LVGL/src/core/lv_indev_scroll.o
 .text.scroll_throw_predict_x
                0x9000cb18       0x64 ./my_drivers/LVGL/src/core/lv_indev_scroll.o
 .text.elastic_diff
                0x9000cb7c      0x2b4 ./my_drivers/LVGL/src/core/lv_indev_scroll.o
 .text.lv_area_copy
                0x9000ce30       0x3e ./my_drivers/LVGL/src/core/lv_obj.o
 .text.lv_memset_00
                0x9000ce6e       0x1c ./my_drivers/LVGL/src/core/lv_obj.o
 .text.lv_style_get_prop_inlined
                0x9000ce8a      0x178 ./my_drivers/LVGL/src/core/lv_obj.o
 *fill*         0x9000d002        0x2 
 .text.lv_obj_remove_style_all
                0x9000d004       0x20 ./my_drivers/LVGL/src/core/lv_obj.o
 .text.lv_obj_get_style_width
                0x9000d024       0x24 ./my_drivers/LVGL/src/core/lv_obj.o
 .text.lv_obj_get_style_height
                0x9000d048       0x24 ./my_drivers/LVGL/src/core/lv_obj.o
 .text.lv_obj_get_style_align
                0x9000d06c       0x24 ./my_drivers/LVGL/src/core/lv_obj.o
 .text.lv_obj_get_style_transform_width
                0x9000d090       0x24 ./my_drivers/LVGL/src/core/lv_obj.o
 .text.lv_obj_get_style_transform_height
                0x9000d0b4       0x24 ./my_drivers/LVGL/src/core/lv_obj.o
 .text.lv_obj_get_style_pad_top
                0x9000d0d8       0x24 ./my_drivers/LVGL/src/core/lv_obj.o
 .text.lv_obj_get_style_pad_left
                0x9000d0fc       0x24 ./my_drivers/LVGL/src/core/lv_obj.o
 .text.lv_obj_get_style_bg_color
                0x9000d120       0x22 ./my_drivers/LVGL/src/core/lv_obj.o
 .text.lv_obj_get_style_bg_opa
                0x9000d142       0x24 ./my_drivers/LVGL/src/core/lv_obj.o
 .text.lv_obj_get_style_border_color
                0x9000d166       0x22 ./my_drivers/LVGL/src/core/lv_obj.o
 .text.lv_obj_get_style_border_opa
                0x9000d188       0x24 ./my_drivers/LVGL/src/core/lv_obj.o
 .text.lv_obj_get_style_border_width
                0x9000d1ac       0x24 ./my_drivers/LVGL/src/core/lv_obj.o
 .text.lv_obj_get_style_border_post
                0x9000d1d0       0x2c ./my_drivers/LVGL/src/core/lv_obj.o
 .text.lv_obj_get_style_shadow_width
                0x9000d1fc       0x24 ./my_drivers/LVGL/src/core/lv_obj.o
 .text.lv_obj_get_style_shadow_spread
                0x9000d220       0x24 ./my_drivers/LVGL/src/core/lv_obj.o
 .text.lv_obj_get_style_shadow_color
                0x9000d244       0x22 ./my_drivers/LVGL/src/core/lv_obj.o
 .text.lv_obj_get_style_shadow_opa
                0x9000d266       0x24 ./my_drivers/LVGL/src/core/lv_obj.o
 .text.lv_obj_get_style_radius
                0x9000d28a       0x24 ./my_drivers/LVGL/src/core/lv_obj.o
 .text.lv_obj_get_style_clip_corner
                0x9000d2ae       0x2c ./my_drivers/LVGL/src/core/lv_obj.o
 .text.lv_obj_get_style_opa
                0x9000d2da       0x24 ./my_drivers/LVGL/src/core/lv_obj.o
 .text.lv_obj_get_style_layout
                0x9000d2fe       0x24 ./my_drivers/LVGL/src/core/lv_obj.o
 *fill*         0x9000d322        0x2 
 .text.lv_init  0x9000d324       0xa8 ./my_drivers/LVGL/src/core/lv_obj.o
                0x9000d324                lv_init
 .text.lv_obj_create
                0x9000d3cc       0x28 ./my_drivers/LVGL/src/core/lv_obj.o
                0x9000d3cc                lv_obj_create
 .text.lv_obj_add_flag
                0x9000d3f4       0xa8 ./my_drivers/LVGL/src/core/lv_obj.o
                0x9000d3f4                lv_obj_add_flag
 .text.lv_obj_clear_flag
                0x9000d49c       0xb4 ./my_drivers/LVGL/src/core/lv_obj.o
                0x9000d49c                lv_obj_clear_flag
 .text.lv_obj_add_state
                0x9000d550       0x32 ./my_drivers/LVGL/src/core/lv_obj.o
                0x9000d550                lv_obj_add_state
 .text.lv_obj_clear_state
                0x9000d582       0x3c ./my_drivers/LVGL/src/core/lv_obj.o
                0x9000d582                lv_obj_clear_state
 .text.lv_obj_has_flag
                0x9000d5be       0x2a ./my_drivers/LVGL/src/core/lv_obj.o
                0x9000d5be                lv_obj_has_flag
 .text.lv_obj_has_flag_any
                0x9000d5e8       0x28 ./my_drivers/LVGL/src/core/lv_obj.o
                0x9000d5e8                lv_obj_has_flag_any
 .text.lv_obj_get_state
                0x9000d610       0x18 ./my_drivers/LVGL/src/core/lv_obj.o
                0x9000d610                lv_obj_get_state
 .text.lv_obj_has_state
                0x9000d628       0x2c ./my_drivers/LVGL/src/core/lv_obj.o
                0x9000d628                lv_obj_has_state
 .text.lv_obj_get_group
                0x9000d654       0x26 ./my_drivers/LVGL/src/core/lv_obj.o
                0x9000d654                lv_obj_get_group
 *fill*         0x9000d67a        0x2 
 .text.lv_obj_allocate_spec_attr
                0x9000d67c       0x6c ./my_drivers/LVGL/src/core/lv_obj.o
                0x9000d67c                lv_obj_allocate_spec_attr
 .text.lv_obj_check_type
                0x9000d6e8       0x30 ./my_drivers/LVGL/src/core/lv_obj.o
                0x9000d6e8                lv_obj_check_type
 .text.lv_obj_constructor
                0x9000d718      0x122 ./my_drivers/LVGL/src/core/lv_obj.o
 .text.lv_obj_destructor
                0x9000d83a       0x9a ./my_drivers/LVGL/src/core/lv_obj.o
 .text.lv_obj_draw
                0x9000d8d4      0x498 ./my_drivers/LVGL/src/core/lv_obj.o
 .text.draw_scrollbar
                0x9000dd6c      0x110 ./my_drivers/LVGL/src/core/lv_obj.o
 .text.scrollbar_init_draw_dsc
                0x9000de7c      0x17e ./my_drivers/LVGL/src/core/lv_obj.o
 .text.lv_obj_event
                0x9000dffa      0x586 ./my_drivers/LVGL/src/core/lv_obj.o
 .text.lv_obj_set_state
                0x9000e580      0x2d8 ./my_drivers/LVGL/src/core/lv_obj.o
 .text.lv_memset_00
                0x9000e858       0x1c ./my_drivers/LVGL/src/core/lv_obj_class.o
 .text.lv_obj_class_create_obj
                0x9000e874      0x16a ./my_drivers/LVGL/src/core/lv_obj_class.o
                0x9000e874                lv_obj_class_create_obj
 .text.lv_obj_class_init_obj
                0x9000e9de       0x8a ./my_drivers/LVGL/src/core/lv_obj_class.o
                0x9000e9de                lv_obj_class_init_obj
 .text._lv_obj_destruct
                0x9000ea68       0x44 ./my_drivers/LVGL/src/core/lv_obj_class.o
                0x9000ea68                _lv_obj_destruct
 .text.lv_obj_is_editable
                0x9000eaac       0x54 ./my_drivers/LVGL/src/core/lv_obj_class.o
                0x9000eaac                lv_obj_is_editable
 .text.lv_obj_is_group_def
                0x9000eb00       0x54 ./my_drivers/LVGL/src/core/lv_obj_class.o
                0x9000eb00                lv_obj_is_group_def
 .text.lv_obj_construct
                0x9000eb54       0x50 ./my_drivers/LVGL/src/core/lv_obj_class.o
 .text.get_instance_size
                0x9000eba4       0x4c ./my_drivers/LVGL/src/core/lv_obj_class.o
 .text.lv_area_get_width
                0x9000ebf0       0x2e ./my_drivers/LVGL/src/core/lv_obj_draw.o
 .text.lv_area_get_height
                0x9000ec1e       0x2e ./my_drivers/LVGL/src/core/lv_obj_draw.o
 .text.lv_memcpy
                0x9000ec4c       0x20 ./my_drivers/LVGL/src/core/lv_obj_draw.o
 .text.lv_memset_00
                0x9000ec6c       0x1c ./my_drivers/LVGL/src/core/lv_obj_draw.o
 .text.lv_obj_get_style_transform_width
                0x9000ec88       0x24 ./my_drivers/LVGL/src/core/lv_obj_draw.o
 .text.lv_obj_get_style_transform_height
                0x9000ecac       0x24 ./my_drivers/LVGL/src/core/lv_obj_draw.o
 .text.lv_obj_get_style_bg_color_filtered
                0x9000ecd0       0x2e ./my_drivers/LVGL/src/core/lv_obj_draw.o
 .text.lv_obj_get_style_bg_opa
                0x9000ecfe       0x24 ./my_drivers/LVGL/src/core/lv_obj_draw.o
 .text.lv_obj_get_style_bg_grad_color_filtered
                0x9000ed22       0x2e ./my_drivers/LVGL/src/core/lv_obj_draw.o
 .text.lv_obj_get_style_bg_grad_dir
                0x9000ed50       0x24 ./my_drivers/LVGL/src/core/lv_obj_draw.o
 .text.lv_obj_get_style_bg_main_stop
                0x9000ed74       0x24 ./my_drivers/LVGL/src/core/lv_obj_draw.o
 .text.lv_obj_get_style_bg_grad_stop
                0x9000ed98       0x24 ./my_drivers/LVGL/src/core/lv_obj_draw.o
 .text.lv_obj_get_style_bg_grad
                0x9000edbc       0x22 ./my_drivers/LVGL/src/core/lv_obj_draw.o
 .text.lv_obj_get_style_bg_dither_mode
                0x9000edde       0x24 ./my_drivers/LVGL/src/core/lv_obj_draw.o
 .text.lv_obj_get_style_bg_img_src
                0x9000ee02       0x22 ./my_drivers/LVGL/src/core/lv_obj_draw.o
 .text.lv_obj_get_style_bg_img_opa
                0x9000ee24       0x24 ./my_drivers/LVGL/src/core/lv_obj_draw.o
 .text.lv_obj_get_style_bg_img_recolor_filtered
                0x9000ee48       0x2e ./my_drivers/LVGL/src/core/lv_obj_draw.o
 .text.lv_obj_get_style_bg_img_recolor_opa
                0x9000ee76       0x24 ./my_drivers/LVGL/src/core/lv_obj_draw.o
 .text.lv_obj_get_style_bg_img_tiled
                0x9000ee9a       0x2c ./my_drivers/LVGL/src/core/lv_obj_draw.o
 .text.lv_obj_get_style_border_color_filtered
                0x9000eec6       0x2e ./my_drivers/LVGL/src/core/lv_obj_draw.o
 .text.lv_obj_get_style_border_opa
                0x9000eef4       0x24 ./my_drivers/LVGL/src/core/lv_obj_draw.o
 .text.lv_obj_get_style_border_width
                0x9000ef18       0x24 ./my_drivers/LVGL/src/core/lv_obj_draw.o
 .text.lv_obj_get_style_border_side
                0x9000ef3c       0x24 ./my_drivers/LVGL/src/core/lv_obj_draw.o
 .text.lv_obj_get_style_outline_width
                0x9000ef60       0x24 ./my_drivers/LVGL/src/core/lv_obj_draw.o
 .text.lv_obj_get_style_outline_color_filtered
                0x9000ef84       0x2e ./my_drivers/LVGL/src/core/lv_obj_draw.o
 .text.lv_obj_get_style_outline_opa
                0x9000efb2       0x24 ./my_drivers/LVGL/src/core/lv_obj_draw.o
 .text.lv_obj_get_style_outline_pad
                0x9000efd6       0x24 ./my_drivers/LVGL/src/core/lv_obj_draw.o
 .text.lv_obj_get_style_shadow_width
                0x9000effa       0x24 ./my_drivers/LVGL/src/core/lv_obj_draw.o
 .text.lv_obj_get_style_shadow_ofs_x
                0x9000f01e       0x24 ./my_drivers/LVGL/src/core/lv_obj_draw.o
 .text.lv_obj_get_style_shadow_ofs_y
                0x9000f042       0x24 ./my_drivers/LVGL/src/core/lv_obj_draw.o
 .text.lv_obj_get_style_shadow_spread
                0x9000f066       0x24 ./my_drivers/LVGL/src/core/lv_obj_draw.o
 .text.lv_obj_get_style_shadow_color_filtered
                0x9000f08a       0x2e ./my_drivers/LVGL/src/core/lv_obj_draw.o
 .text.lv_obj_get_style_shadow_opa
                0x9000f0b8       0x24 ./my_drivers/LVGL/src/core/lv_obj_draw.o
 .text.lv_obj_get_style_img_opa
                0x9000f0dc       0x24 ./my_drivers/LVGL/src/core/lv_obj_draw.o
 .text.lv_obj_get_style_img_recolor_filtered
                0x9000f100       0x2e ./my_drivers/LVGL/src/core/lv_obj_draw.o
 .text.lv_obj_get_style_img_recolor_opa
                0x9000f12e       0x24 ./my_drivers/LVGL/src/core/lv_obj_draw.o
 .text.lv_obj_get_style_line_width
                0x9000f152       0x24 ./my_drivers/LVGL/src/core/lv_obj_draw.o
 .text.lv_obj_get_style_line_dash_width
                0x9000f176       0x24 ./my_drivers/LVGL/src/core/lv_obj_draw.o
 .text.lv_obj_get_style_line_dash_gap
                0x9000f19a       0x24 ./my_drivers/LVGL/src/core/lv_obj_draw.o
 .text.lv_obj_get_style_line_rounded
                0x9000f1be       0x2c ./my_drivers/LVGL/src/core/lv_obj_draw.o
 .text.lv_obj_get_style_line_color_filtered
                0x9000f1ea       0x2e ./my_drivers/LVGL/src/core/lv_obj_draw.o
 .text.lv_obj_get_style_line_opa
                0x9000f218       0x24 ./my_drivers/LVGL/src/core/lv_obj_draw.o
 .text.lv_obj_get_style_arc_width
                0x9000f23c       0x24 ./my_drivers/LVGL/src/core/lv_obj_draw.o
 .text.lv_obj_get_style_arc_rounded
                0x9000f260       0x2c ./my_drivers/LVGL/src/core/lv_obj_draw.o
 .text.lv_obj_get_style_arc_color_filtered
                0x9000f28c       0x2e ./my_drivers/LVGL/src/core/lv_obj_draw.o
 .text.lv_obj_get_style_arc_opa
                0x9000f2ba       0x24 ./my_drivers/LVGL/src/core/lv_obj_draw.o
 .text.lv_obj_get_style_arc_img_src
                0x9000f2de       0x22 ./my_drivers/LVGL/src/core/lv_obj_draw.o
 .text.lv_obj_get_style_text_color_filtered
                0x9000f300       0x2e ./my_drivers/LVGL/src/core/lv_obj_draw.o
 .text.lv_obj_get_style_text_opa
                0x9000f32e       0x24 ./my_drivers/LVGL/src/core/lv_obj_draw.o
 .text.lv_obj_get_style_text_font
                0x9000f352       0x22 ./my_drivers/LVGL/src/core/lv_obj_draw.o
 .text.lv_obj_get_style_text_letter_space
                0x9000f374       0x24 ./my_drivers/LVGL/src/core/lv_obj_draw.o
 .text.lv_obj_get_style_text_line_space
                0x9000f398       0x24 ./my_drivers/LVGL/src/core/lv_obj_draw.o
 .text.lv_obj_get_style_text_decor
                0x9000f3bc       0x24 ./my_drivers/LVGL/src/core/lv_obj_draw.o
 .text.lv_obj_get_style_text_align
                0x9000f3e0       0x24 ./my_drivers/LVGL/src/core/lv_obj_draw.o
 .text.lv_obj_get_style_radius
                0x9000f404       0x24 ./my_drivers/LVGL/src/core/lv_obj_draw.o
 .text.lv_obj_get_style_opa
                0x9000f428       0x24 ./my_drivers/LVGL/src/core/lv_obj_draw.o
 .text.lv_obj_get_style_blend_mode
                0x9000f44c       0x24 ./my_drivers/LVGL/src/core/lv_obj_draw.o
 .text.lv_obj_init_draw_rect_dsc
                0x9000f470      0x39e ./my_drivers/LVGL/src/core/lv_obj_draw.o
                0x9000f470                lv_obj_init_draw_rect_dsc
 .text.lv_obj_init_draw_label_dsc
                0x9000f80e       0xea ./my_drivers/LVGL/src/core/lv_obj_draw.o
                0x9000f80e                lv_obj_init_draw_label_dsc
 .text.lv_obj_init_draw_img_dsc
                0x9000f8f8       0xec ./my_drivers/LVGL/src/core/lv_obj_draw.o
                0x9000f8f8                lv_obj_init_draw_img_dsc
 .text.lv_obj_init_draw_line_dsc
                0x9000f9e4      0x104 ./my_drivers/LVGL/src/core/lv_obj_draw.o
                0x9000f9e4                lv_obj_init_draw_line_dsc
 .text.lv_obj_init_draw_arc_dsc
                0x9000fae8       0xd4 ./my_drivers/LVGL/src/core/lv_obj_draw.o
                0x9000fae8                lv_obj_init_draw_arc_dsc
 .text.lv_obj_calculate_ext_draw_size
                0x9000fbbc      0x13c ./my_drivers/LVGL/src/core/lv_obj_draw.o
                0x9000fbbc                lv_obj_calculate_ext_draw_size
 .text.lv_obj_draw_dsc_init
                0x9000fcf8       0x20 ./my_drivers/LVGL/src/core/lv_obj_draw.o
                0x9000fcf8                lv_obj_draw_dsc_init
 .text.lv_obj_refresh_ext_draw_size
                0x9000fd18       0x7c ./my_drivers/LVGL/src/core/lv_obj_draw.o
                0x9000fd18                lv_obj_refresh_ext_draw_size
 .text._lv_obj_get_ext_draw_size
                0x9000fd94       0x28 ./my_drivers/LVGL/src/core/lv_obj_draw.o
                0x9000fd94                _lv_obj_get_ext_draw_size
 .text._lv_obj_get_layer_type
                0x9000fdbc       0x2c ./my_drivers/LVGL/src/core/lv_obj_draw.o
                0x9000fdbc                _lv_obj_get_layer_type
 .text.lv_area_copy
                0x9000fde8       0x3e ./my_drivers/LVGL/src/core/lv_obj_pos.o
 .text.lv_area_get_width
                0x9000fe26       0x2e ./my_drivers/LVGL/src/core/lv_obj_pos.o
 .text.lv_area_get_height
                0x9000fe54       0x2e ./my_drivers/LVGL/src/core/lv_obj_pos.o
 .text.lv_obj_get_style_width
                0x9000fe82       0x24 ./my_drivers/LVGL/src/core/lv_obj_pos.o
 .text.lv_obj_get_style_min_width
                0x9000fea6       0x24 ./my_drivers/LVGL/src/core/lv_obj_pos.o
 .text.lv_obj_get_style_max_width
                0x9000feca       0x24 ./my_drivers/LVGL/src/core/lv_obj_pos.o
 .text.lv_obj_get_style_height
                0x9000feee       0x24 ./my_drivers/LVGL/src/core/lv_obj_pos.o
 .text.lv_obj_get_style_min_height
                0x9000ff12       0x24 ./my_drivers/LVGL/src/core/lv_obj_pos.o
 .text.lv_obj_get_style_max_height
                0x9000ff36       0x24 ./my_drivers/LVGL/src/core/lv_obj_pos.o
 .text.lv_obj_get_style_x
                0x9000ff5a       0x24 ./my_drivers/LVGL/src/core/lv_obj_pos.o
 .text.lv_obj_get_style_y
                0x9000ff7e       0x24 ./my_drivers/LVGL/src/core/lv_obj_pos.o
 .text.lv_obj_get_style_align
                0x9000ffa2       0x24 ./my_drivers/LVGL/src/core/lv_obj_pos.o
 .text.lv_obj_get_style_translate_x
                0x9000ffc6       0x24 ./my_drivers/LVGL/src/core/lv_obj_pos.o
 .text.lv_obj_get_style_translate_y
                0x9000ffea       0x24 ./my_drivers/LVGL/src/core/lv_obj_pos.o
 .text.lv_obj_get_style_transform_zoom
                0x9001000e       0x24 ./my_drivers/LVGL/src/core/lv_obj_pos.o
 .text.lv_obj_get_style_transform_angle
                0x90010032       0x24 ./my_drivers/LVGL/src/core/lv_obj_pos.o
 .text.lv_obj_get_style_transform_pivot_x
                0x90010056       0x24 ./my_drivers/LVGL/src/core/lv_obj_pos.o
 .text.lv_obj_get_style_transform_pivot_y
                0x9001007a       0x24 ./my_drivers/LVGL/src/core/lv_obj_pos.o
 .text.lv_obj_get_style_pad_top
                0x9001009e       0x24 ./my_drivers/LVGL/src/core/lv_obj_pos.o
 .text.lv_obj_get_style_pad_bottom
                0x900100c2       0x24 ./my_drivers/LVGL/src/core/lv_obj_pos.o
 .text.lv_obj_get_style_pad_left
                0x900100e6       0x24 ./my_drivers/LVGL/src/core/lv_obj_pos.o
 .text.lv_obj_get_style_pad_right
                0x9001010a       0x24 ./my_drivers/LVGL/src/core/lv_obj_pos.o
 .text.lv_obj_get_style_border_width
                0x9001012e       0x24 ./my_drivers/LVGL/src/core/lv_obj_pos.o
 .text.lv_obj_get_style_layout
                0x90010152       0x24 ./my_drivers/LVGL/src/core/lv_obj_pos.o
 .text.lv_obj_get_style_base_dir
                0x90010176       0x24 ./my_drivers/LVGL/src/core/lv_obj_pos.o
 .text.lv_obj_set_pos
                0x9001019a       0x30 ./my_drivers/LVGL/src/core/lv_obj_pos.o
                0x9001019a                lv_obj_set_pos
 .text.lv_obj_set_x
                0x900101ca       0x4a ./my_drivers/LVGL/src/core/lv_obj_pos.o
                0x900101ca                lv_obj_set_x
 .text.lv_obj_set_y
                0x90010214       0x4a ./my_drivers/LVGL/src/core/lv_obj_pos.o
                0x90010214                lv_obj_set_y
 *fill*         0x9001025e        0x2 
 .text.lv_obj_refr_size
                0x90010260      0x478 ./my_drivers/LVGL/src/core/lv_obj_pos.o
                0x90010260                lv_obj_refr_size
 .text.lv_obj_set_size
                0x900106d8       0x30 ./my_drivers/LVGL/src/core/lv_obj_pos.o
                0x900106d8                lv_obj_set_size
 .text.lv_obj_set_width
                0x90010708       0x4a ./my_drivers/LVGL/src/core/lv_obj_pos.o
                0x90010708                lv_obj_set_width
 .text.lv_obj_set_height
                0x90010752       0x4a ./my_drivers/LVGL/src/core/lv_obj_pos.o
                0x90010752                lv_obj_set_height
 .text.lv_obj_set_layout
                0x9001079c       0x26 ./my_drivers/LVGL/src/core/lv_obj_pos.o
                0x9001079c                lv_obj_set_layout
 *fill*         0x900107c2        0x2 
 .text.lv_obj_is_layout_positioned
                0x900107c4       0x50 ./my_drivers/LVGL/src/core/lv_obj_pos.o
                0x900107c4                lv_obj_is_layout_positioned
 .text.lv_obj_mark_layout_as_dirty
                0x90010814       0x4e ./my_drivers/LVGL/src/core/lv_obj_pos.o
                0x90010814                lv_obj_mark_layout_as_dirty
 *fill*         0x90010862        0x2 
 .text.lv_obj_update_layout
                0x90010864       0x58 ./my_drivers/LVGL/src/core/lv_obj_pos.o
                0x90010864                lv_obj_update_layout
 .text.lv_layout_register
                0x900108bc       0x78 ./my_drivers/LVGL/src/core/lv_obj_pos.o
                0x900108bc                lv_layout_register
 .text.lv_obj_align
                0x90010934       0x3e ./my_drivers/LVGL/src/core/lv_obj_pos.o
                0x90010934                lv_obj_align
 *fill*         0x90010972        0x2 
 .text.lv_obj_align_to
                0x90010974      0x5e8 ./my_drivers/LVGL/src/core/lv_obj_pos.o
                0x90010974                lv_obj_align_to
 .text.lv_obj_get_coords
                0x90010f5c       0x1e ./my_drivers/LVGL/src/core/lv_obj_pos.o
                0x90010f5c                lv_obj_get_coords
 .text.lv_obj_get_x
                0x90010f7a       0x7a ./my_drivers/LVGL/src/core/lv_obj_pos.o
                0x90010f7a                lv_obj_get_x
 .text.lv_obj_get_y
                0x90010ff4       0x7a ./my_drivers/LVGL/src/core/lv_obj_pos.o
                0x90010ff4                lv_obj_get_y
 .text.lv_obj_get_y2
                0x9001106e       0x2a ./my_drivers/LVGL/src/core/lv_obj_pos.o
                0x9001106e                lv_obj_get_y2
 .text.lv_obj_get_width
                0x90011098       0x1c ./my_drivers/LVGL/src/core/lv_obj_pos.o
                0x90011098                lv_obj_get_width
 .text.lv_obj_get_height
                0x900110b4       0x1c ./my_drivers/LVGL/src/core/lv_obj_pos.o
                0x900110b4                lv_obj_get_height
 .text.lv_obj_get_content_width
                0x900110d0       0x56 ./my_drivers/LVGL/src/core/lv_obj_pos.o
                0x900110d0                lv_obj_get_content_width
 .text.lv_obj_get_content_height
                0x90011126       0x56 ./my_drivers/LVGL/src/core/lv_obj_pos.o
                0x90011126                lv_obj_get_content_height
 .text.lv_obj_get_content_coords
                0x9001117c       0xbe ./my_drivers/LVGL/src/core/lv_obj_pos.o
                0x9001117c                lv_obj_get_content_coords
 .text.lv_obj_get_self_width
                0x9001123a       0x2c ./my_drivers/LVGL/src/core/lv_obj_pos.o
                0x9001123a                lv_obj_get_self_width
 .text.lv_obj_get_self_height
                0x90011266       0x2c ./my_drivers/LVGL/src/core/lv_obj_pos.o
                0x90011266                lv_obj_get_self_height
 .text.lv_obj_refresh_self_size
                0x90011292       0x4c ./my_drivers/LVGL/src/core/lv_obj_pos.o
                0x90011292                lv_obj_refresh_self_size
 *fill*         0x900112de        0x2 
 .text.lv_obj_refr_pos
                0x900112e0      0x3fc ./my_drivers/LVGL/src/core/lv_obj_pos.o
                0x900112e0                lv_obj_refr_pos
 .text.lv_obj_move_to
                0x900116dc      0x22c ./my_drivers/LVGL/src/core/lv_obj_pos.o
                0x900116dc                lv_obj_move_to
 .text.lv_obj_move_children_by
                0x90011908       0xca ./my_drivers/LVGL/src/core/lv_obj_pos.o
                0x90011908                lv_obj_move_children_by
 .text.lv_obj_transform_point
                0x900119d2       0x92 ./my_drivers/LVGL/src/core/lv_obj_pos.o
                0x900119d2                lv_obj_transform_point
 .text.lv_obj_get_transformed_area
                0x90011a64      0x160 ./my_drivers/LVGL/src/core/lv_obj_pos.o
                0x90011a64                lv_obj_get_transformed_area
 .text.lv_obj_invalidate_area
                0x90011bc4       0x6a ./my_drivers/LVGL/src/core/lv_obj_pos.o
                0x90011bc4                lv_obj_invalidate_area
 .text.lv_obj_invalidate
                0x90011c2e       0x78 ./my_drivers/LVGL/src/core/lv_obj_pos.o
                0x90011c2e                lv_obj_invalidate
 .text.lv_obj_area_is_visible
                0x90011ca6      0x18a ./my_drivers/LVGL/src/core/lv_obj_pos.o
                0x90011ca6                lv_obj_area_is_visible
 .text.lv_obj_is_visible
                0x90011e30       0x7a ./my_drivers/LVGL/src/core/lv_obj_pos.o
                0x90011e30                lv_obj_is_visible
 .text.lv_obj_set_ext_click_area
                0x90011eaa       0x22 ./my_drivers/LVGL/src/core/lv_obj_pos.o
                0x90011eaa                lv_obj_set_ext_click_area
 .text.lv_obj_get_click_area
                0x90011ecc       0x96 ./my_drivers/LVGL/src/core/lv_obj_pos.o
                0x90011ecc                lv_obj_get_click_area
 .text.lv_obj_hit_test
                0x90011f62       0x96 ./my_drivers/LVGL/src/core/lv_obj_pos.o
                0x90011f62                lv_obj_hit_test
 .text.lv_clamp_width
                0x90011ff8       0xf0 ./my_drivers/LVGL/src/core/lv_obj_pos.o
                0x90011ff8                lv_clamp_width
 .text.lv_clamp_height
                0x900120e8       0xf0 ./my_drivers/LVGL/src/core/lv_obj_pos.o
                0x900120e8                lv_clamp_height
 .text.calc_content_width
                0x900121d8      0x2e4 ./my_drivers/LVGL/src/core/lv_obj_pos.o
 .text.calc_content_height
                0x900124bc      0x18c ./my_drivers/LVGL/src/core/lv_obj_pos.o
 .text.layout_update_core
                0x90012648       0xc4 ./my_drivers/LVGL/src/core/lv_obj_pos.o
 .text.transform_point
                0x9001270c       0xa8 ./my_drivers/LVGL/src/core/lv_obj_pos.o
 .text.lv_area_get_width
                0x900127b4       0x2e ./my_drivers/LVGL/src/core/lv_obj_scroll.o
 .text.lv_area_get_height
                0x900127e2       0x2e ./my_drivers/LVGL/src/core/lv_obj_scroll.o
 .text.lv_anim_set_var
                0x90012810       0x1c ./my_drivers/LVGL/src/core/lv_obj_scroll.o
 .text.lv_anim_set_exec_cb
                0x9001282c       0x1c ./my_drivers/LVGL/src/core/lv_obj_scroll.o
 .text.lv_anim_set_time
                0x90012848       0x1c ./my_drivers/LVGL/src/core/lv_obj_scroll.o
 .text.lv_anim_set_values
                0x90012864       0x2a ./my_drivers/LVGL/src/core/lv_obj_scroll.o
 .text.lv_anim_set_path_cb
                0x9001288e       0x1c ./my_drivers/LVGL/src/core/lv_obj_scroll.o
 .text.lv_anim_set_ready_cb
                0x900128aa       0x1c ./my_drivers/LVGL/src/core/lv_obj_scroll.o
 .text.lv_obj_get_style_width
                0x900128c6       0x24 ./my_drivers/LVGL/src/core/lv_obj_scroll.o
 .text.lv_obj_get_style_pad_top
                0x900128ea       0x24 ./my_drivers/LVGL/src/core/lv_obj_scroll.o
 .text.lv_obj_get_style_pad_bottom
                0x9001290e       0x24 ./my_drivers/LVGL/src/core/lv_obj_scroll.o
 .text.lv_obj_get_style_pad_left
                0x90012932       0x24 ./my_drivers/LVGL/src/core/lv_obj_scroll.o
 .text.lv_obj_get_style_pad_right