../my_drivers/LVGL/src/draw/sw/../../misc/lv_mem.h:132:22:lv_memcpy	24	static
../my_drivers/LVGL/src/draw/sw/../../misc/lv_color.h:439:48:lv_color_mix	32	static
../my_drivers/LVGL/src/draw/sw/../../misc/lv_color.h:468:42:lv_color_premult	16	static
../my_drivers/LVGL/src/draw/sw/../../misc/lv_color.h:493:48:lv_color_mix_premult	24	static
../my_drivers/LVGL/src/draw/sw/../../misc/lv_color.h:588:26:lv_color_make	16	static
../my_drivers/LVGL/src/draw/sw/../../misc/lv_color.h:693:26:lv_color_black	8	static
../my_drivers/LVGL/src/draw/sw/../../misc/lv_area.h:123:26:lv_area_get_width	16	static
../my_drivers/LVGL/src/draw/sw/../../misc/lv_area.h:133:26:lv_area_get_height	16	static
../my_drivers/LVGL/src/draw/sw/lv_draw_sw_blend.c:91:6:lv_draw_sw_blend	24	static
../my_drivers/LVGL/src/draw/sw/lv_draw_sw_blend.c:104:28:lv_draw_sw_blend_basic	88	static
../my_drivers/LVGL/src/draw/sw/lv_draw_sw_blend.c:198:13:fill_set_px	80	static
../my_drivers/LVGL/src/draw/sw/lv_draw_sw_blend.c:231:35:fill_normal	88	static
../my_drivers/LVGL/src/draw/sw/lv_draw_sw_blend.c:521:13:fill_blended	64	static
../my_drivers/LVGL/src/draw/sw/lv_draw_sw_blend.c:592:13:map_set_px	80	static
../my_drivers/LVGL/src/draw/sw/lv_draw_sw_blend.c:627:35:map_normal	64	static
../my_drivers/LVGL/src/draw/sw/lv_draw_sw_blend.c:864:13:map_blended	64	static
../my_drivers/LVGL/src/draw/sw/lv_draw_sw_blend.c:936:26:color_blend_true_color_additive	24	static
../my_drivers/LVGL/src/draw/sw/lv_draw_sw_blend.c:989:26:color_blend_true_color_subtractive	24	static
../my_drivers/LVGL/src/draw/sw/lv_draw_sw_blend.c:1015:26:color_blend_true_color_multiply	16	static
